Oct 19 14:52:40 kali kernel: Booting Linux on physical CPU 0x0000000000 [0x610f0000]
Oct 19 14:52:40 kali kernel: Linux version 6.12.38+kali-arm64 (devel@kali.org) (aarch64-linux-gnu-gcc-14 (Debian 14.3.0-5) 14.3.0, GNU ld (GNU Binutils for Debian) 2.45) #1 SMP Kali 6.12.38-1kali1 (2025-08-12)
Oct 19 14:52:40 kali kernel: KASLR disabled due to lack of seed
Oct 19 14:52:40 kali kernel: efi: EFI v2.7 by EDK II
Oct 19 14:52:40 kali kernel: efi: ACPI 2.0=0x53c080000 SMBIOS 3.0=0x53c020000 MEMATTR=0x53e6aea98 INITRD=0x53c133a98 MEMRESERVE=0x53c133518 
Oct 19 14:52:40 kali kernel: secureboot: Secure boot disabled
Oct 19 14:52:40 kali kernel: ACPI: Early table checksum verification disabled
Oct 19 14:52:40 kali kernel: ACPI: RSDP 0x000000053C080000 000024 (v02 VMWARE)
Oct 19 14:52:40 kali kernel: ACPI: XSDT 0x000000053C070000 000054 (v01 VMWARE VMWVBSA! 20201221 VMW  00000001)
Oct 19 14:52:40 kali kernel: ACPI: FACP 0x000000053C060000 000114 (v06 VMWARE VMWVBSA! 20201221 VMW  00000001)
Oct 19 14:52:40 kali kernel: ACPI: DSDT 0x000000053C030000 000ED4 (v01 VMWARE VMWVBSA! 01343F06 INTL 20130823)
Oct 19 14:52:40 kali kernel: ACPI: GTDT 0x000000053C050000 000068 (v03 VMWARE VMWVBSA! 20201221 VMW  00000001)
Oct 19 14:52:40 kali kernel: ACPI: MCFG 0x000000053C040000 00003C (v01 VMWARE VMWVBSA! 20201221 VMW  00000001)
Oct 19 14:52:40 kali kernel: ACPI: APIC 0x000000053C000000 0001FC (v04 VMWARE VMWVBSA! 20201221 VMW  00000001)
Oct 19 14:52:40 kali kernel: ACPI: SSDT 0x000000053BFE0000 0000CD (v02 VMWARE VMWVBSA! 20201221 VMW  00000001)
Oct 19 14:52:40 kali kernel: ACPI: PPTT 0x000000053BFC0000 00010C (v02 VMWARE VMWVBSA! 20201221 VMW  00000001)
Oct 19 14:52:40 kali kernel: ACPI: Use ACPI SPCR as default console: Yes
Oct 19 14:52:40 kali kernel: NUMA: Faking a node at [mem 0x0000000080000000-0x000000053fffffff]
Oct 19 14:52:40 kali kernel: NODE_DATA(0) allocated [mem 0x53d9558c0-0x53d958fff]
Oct 19 14:52:40 kali kernel: Zone ranges:
Oct 19 14:52:40 kali kernel:   DMA      [mem 0x0000000080000000-0x00000000ffffffff]
Oct 19 14:52:40 kali kernel:   DMA32    empty
Oct 19 14:52:40 kali kernel:   Normal   [mem 0x0000000100000000-0x000000053fffffff]
Oct 19 14:52:40 kali kernel:   Device   empty
Oct 19 14:52:40 kali kernel: Movable zone start for each node
Oct 19 14:52:40 kali kernel: Early memory node ranges
Oct 19 14:52:40 kali kernel:   node   0: [mem 0x0000000080000000-0x00000000ffaecfff]
Oct 19 14:52:40 kali kernel:   node   0: [mem 0x00000000ffaed000-0x00000000fffb5fff]
Oct 19 14:52:40 kali kernel:   node   0: [mem 0x00000000fffb6000-0x000000053befffff]
Oct 19 14:52:40 kali kernel:   node   0: [mem 0x000000053bf00000-0x000000053bfbffff]
Oct 19 14:52:40 kali kernel:   node   0: [mem 0x000000053bfc0000-0x000000053c01ffff]
Oct 19 14:52:40 kali kernel:   node   0: [mem 0x000000053c020000-0x000000053c02ffff]
Oct 19 14:52:40 kali kernel:   node   0: [mem 0x000000053c030000-0x000000053c08ffff]
Oct 19 14:52:40 kali kernel:   node   0: [mem 0x000000053c090000-0x000000053c12ffff]
Oct 19 14:52:40 kali kernel:   node   0: [mem 0x000000053c130000-0x000000053f40ffff]
Oct 19 14:52:40 kali kernel:   node   0: [mem 0x000000053f410000-0x000000053f49ffff]
Oct 19 14:52:40 kali kernel:   node   0: [mem 0x000000053f4a0000-0x000000053f5bffff]
Oct 19 14:52:40 kali kernel:   node   0: [mem 0x000000053f5c0000-0x000000053f5cffff]
Oct 19 14:52:40 kali kernel:   node   0: [mem 0x000000053f5d0000-0x000000053fffffff]
Oct 19 14:52:40 kali kernel: Initmem setup node 0 [mem 0x0000000080000000-0x000000053fffffff]
Oct 19 14:52:40 kali kernel: cma: Reserved 64 MiB at 0x00000000fba00000 on node -1
Oct 19 14:52:40 kali kernel: psci: probing for conduit method from ACPI.
Oct 19 14:52:40 kali kernel: psci: PSCIv0.2 detected in firmware.
Oct 19 14:52:40 kali kernel: psci: Using standard PSCI v0.2 function IDs
Oct 19 14:52:40 kali kernel: psci: Trusted OS migration not required
Oct 19 14:52:40 kali kernel: percpu: Embedded 34 pages/cpu s101400 r8192 d29672 u139264
Oct 19 14:52:40 kali kernel: pcpu-alloc: s101400 r8192 d29672 u139264 alloc=34*4096
Oct 19 14:52:40 kali kernel: pcpu-alloc: [0] 0 [0] 1 [0] 2 [0] 3 [0] 4 
Oct 19 14:52:40 kali kernel: Detected PIPT I-cache on CPU0
Oct 19 14:52:40 kali kernel: CPU features: detected: Address authentication (IMP DEF algorithm)
Oct 19 14:52:40 kali kernel: CPU features: detected: GIC system register CPU interface
Oct 19 14:52:40 kali kernel: CPU features: detected: Spectre-v4
Oct 19 14:52:40 kali kernel: CPU features: detected: Spectre-BHB
Oct 19 14:52:40 kali kernel: alternatives: applying boot alternatives
Oct 19 14:52:40 kali kernel: Kernel command line: BOOT_IMAGE=/boot/vmlinuz-6.12.38+kali-arm64 root=UUID=3fce5133-10b7-44fe-bd4e-138e30172890 ro quiet splash
Oct 19 14:52:40 kali kernel: Unknown kernel command line parameters "splash BOOT_IMAGE=/boot/vmlinuz-6.12.38+kali-arm64", will be passed to user space.
Oct 19 14:52:40 kali kernel: Dentry cache hash table entries: 4194304 (order: 13, 33554432 bytes, linear)
Oct 19 14:52:40 kali kernel: Inode-cache hash table entries: 2097152 (order: 12, 16777216 bytes, linear)
Oct 19 14:52:40 kali kernel: Fallback order for Node 0: 0 
Oct 19 14:52:40 kali kernel: Built 1 zonelists, mobility grouping on.  Total pages: 4980736
Oct 19 14:52:40 kali kernel: Policy zone: Normal
Oct 19 14:52:40 kali kernel: mem auto-init: stack:all(zero), heap alloc:on, heap free:off
Oct 19 14:52:40 kali kernel: software IO TLB: area num 8.
Oct 19 14:52:40 kali kernel: software IO TLB: mapped [mem 0x00000000f7a00000-0x00000000fba00000] (64MB)
Oct 19 14:52:40 kali kernel: SLUB: HWalign=64, Order=0-3, MinObjects=0, CPUs=5, Nodes=1
Oct 19 14:52:40 kali kernel: ftrace: allocating 50785 entries in 199 pages
Oct 19 14:52:40 kali kernel: ftrace: allocated 199 pages with 5 groups
Oct 19 14:52:40 kali kernel: rcu: Hierarchical RCU implementation.
Oct 19 14:52:40 kali kernel: rcu:         RCU restricting CPUs from NR_CPUS=512 to nr_cpu_ids=5.
Oct 19 14:52:40 kali kernel:         Rude variant of Tasks RCU enabled.
Oct 19 14:52:40 kali kernel:         Tracing variant of Tasks RCU enabled.
Oct 19 14:52:40 kali kernel: rcu: RCU calculated value of scheduler-enlistment delay is 25 jiffies.
Oct 19 14:52:40 kali kernel: rcu: Adjusting geometry for rcu_fanout_leaf=16, nr_cpu_ids=5
Oct 19 14:52:40 kali kernel: RCU Tasks Rude: Setting shift to 3 and lim to 1 rcu_task_cb_adjust=1 rcu_task_cpu_ids=5.
Oct 19 14:52:40 kali kernel: RCU Tasks Trace: Setting shift to 3 and lim to 1 rcu_task_cb_adjust=1 rcu_task_cpu_ids=5.
Oct 19 14:52:40 kali kernel: NR_IRQS: 64, nr_irqs: 64, preallocated irqs: 0
Oct 19 14:52:40 kali kernel: GICv3: 960 SPIs implemented
Oct 19 14:52:40 kali kernel: GICv3: 0 Extended SPIs implemented
Oct 19 14:52:40 kali kernel: Root IRQ handler: gic_handle_irq
Oct 19 14:52:40 kali kernel: GICv3: GICv3 features: 16 PPIs
Oct 19 14:52:40 kali kernel: GICv3: GICD_CTRL.DS=0, SCR_EL3.FIQ=1
Oct 19 14:52:40 kali kernel: GICv3: CPU0: found redistributor 0 region 0:0x000000002c100000
Oct 19 14:52:40 kali kernel: GICv2m: range[mem 0x2c080000-0x2c080fff], SPI[64:990]
Oct 19 14:52:40 kali kernel: rcu: srcu_init: Setting srcu_struct sizes based on contention.
Oct 19 14:52:40 kali kernel: arch_timer: cp15 timer(s) running at 24.00MHz (virt).
Oct 19 14:52:40 kali kernel: clocksource: arch_sys_counter: mask: 0xffffffffffffff max_cycles: 0x588fe9dc0, max_idle_ns: 440795202592 ns
Oct 19 14:52:40 kali kernel: sched_clock: 56 bits at 24MHz, resolution 41ns, wraps every 4398046511097ns
Oct 19 14:52:40 kali kernel: Console: colour dummy device 80x25
Oct 19 14:52:40 kali kernel: printk: legacy console [tty0] enabled
Oct 19 14:52:40 kali kernel: ACPI: Core revision 20240827
Oct 19 14:52:40 kali kernel: Calibrating delay loop (skipped), value calculated using timer frequency.. 48.00 BogoMIPS (lpj=96000)
Oct 19 14:52:40 kali kernel: pid_max: default: 32768 minimum: 301
Oct 19 14:52:40 kali kernel: LSM: initializing lsm=lockdown,capability,landlock,yama,apparmor,tomoyo,bpf,ipe,ima,evm
Oct 19 14:52:40 kali kernel: landlock: Up and running.
Oct 19 14:52:40 kali kernel: Yama: disabled by default; enable with sysctl kernel.yama.*
Oct 19 14:52:40 kali kernel: AppArmor: AppArmor initialized
Oct 19 14:52:40 kali kernel: TOMOYO Linux initialized
Oct 19 14:52:40 kali kernel: LSM support for eBPF active
Oct 19 14:52:40 kali kernel: Mount-cache hash table entries: 65536 (order: 7, 524288 bytes, linear)
Oct 19 14:52:40 kali kernel: Mountpoint-cache hash table entries: 65536 (order: 7, 524288 bytes, linear)
Oct 19 14:52:40 kali kernel: rcu: Hierarchical SRCU implementation.
Oct 19 14:52:40 kali kernel: rcu:         Max phase no-delay instances is 1000.
Oct 19 14:52:40 kali kernel: Timer migration: 1 hierarchy levels; 8 children per group; 1 crossnode level
Oct 19 14:52:40 kali kernel: Remapping and enabling EFI services.
Oct 19 14:52:40 kali kernel: smp: Bringing up secondary CPUs ...
Oct 19 14:52:40 kali kernel: Detected PIPT I-cache on CPU1
Oct 19 14:52:40 kali kernel: GICv3: CPU1: found redistributor 1 region 0:0x000000002c120000
Oct 19 14:52:40 kali kernel: CPU1: Booted secondary processor 0x0000000001 [0x610f0000]
Oct 19 14:52:40 kali kernel: Detected PIPT I-cache on CPU2
Oct 19 14:52:40 kali kernel: GICv3: CPU2: found redistributor 2 region 0:0x000000002c140000
Oct 19 14:52:40 kali kernel: CPU2: Booted secondary processor 0x0000000002 [0x610f0000]
Oct 19 14:52:40 kali kernel: Detected PIPT I-cache on CPU3
Oct 19 14:52:40 kali kernel: GICv3: CPU3: found redistributor 3 region 0:0x000000002c160000
Oct 19 14:52:40 kali kernel: CPU3: Booted secondary processor 0x0000000003 [0x610f0000]
Oct 19 14:52:40 kali kernel: Detected PIPT I-cache on CPU4
Oct 19 14:52:40 kali kernel: GICv3: CPU4: found redistributor 4 region 0:0x000000002c180000
Oct 19 14:52:40 kali kernel: CPU4: Booted secondary processor 0x0000000004 [0x610f0000]
Oct 19 14:52:40 kali kernel: smp: Brought up 1 node, 5 CPUs
Oct 19 14:52:40 kali kernel: SMP: Total of 5 processors activated.
Oct 19 14:52:40 kali kernel: CPU: All CPU(s) started at EL1
Oct 19 14:52:40 kali kernel: CPU features: detected: ARMv8.4 Translation Table Level
Oct 19 14:52:40 kali kernel: CPU features: detected: Data cache clean to the PoU not required for I/D coherence
Oct 19 14:52:40 kali kernel: CPU features: detected: Common not Private translations
Oct 19 14:52:40 kali kernel: CPU features: detected: CRC32 instructions
Oct 19 14:52:40 kali kernel: CPU features: detected: Data cache clean to Point of Deep Persistence
Oct 19 14:52:40 kali kernel: CPU features: detected: Data cache clean to Point of Persistence
Oct 19 14:52:40 kali kernel: CPU features: detected: Data independent timing control (DIT)
Oct 19 14:52:40 kali kernel: CPU features: detected: E0PD
Oct 19 14:52:40 kali kernel: CPU features: detected: Generic authentication (IMP DEF algorithm)
Oct 19 14:52:40 kali kernel: CPU features: detected: RCpc load-acquire (LDAPR)
Oct 19 14:52:40 kali kernel: CPU features: detected: LSE atomic instructions
Oct 19 14:52:40 kali kernel: CPU features: detected: Privileged Access Never
Oct 19 14:52:40 kali kernel: CPU features: detected: RAS Extension Support
Oct 19 14:52:40 kali kernel: CPU features: detected: Speculation barrier (SB)
Oct 19 14:52:40 kali kernel: CPU features: detected: TLB range maintenance instructions
Oct 19 14:52:40 kali kernel: alternatives: applying system-wide alternatives
Oct 19 14:52:40 kali kernel: node 0 deferred pages initialised in 16ms
Oct 19 14:52:40 kali kernel: Memory: 19227036K/19922944K available (15616K kernel code, 3800K rwdata, 13896K rodata, 3072K init, 940K bss, 624460K reserved, 65536K cma-reserved)
Oct 19 14:52:40 kali kernel: devtmpfs: initialized
Oct 19 14:52:40 kali kernel: setend instruction emulation is not supported on this system
Oct 19 14:52:40 kali kernel: clocksource: jiffies: mask: 0xffffffff max_cycles: 0xffffffff, max_idle_ns: 7645041785100000 ns
Oct 19 14:52:40 kali kernel: futex hash table entries: 2048 (order: 5, 131072 bytes, linear)
Oct 19 14:52:40 kali kernel: 23360 pages in range for non-PLT usage
Oct 19 14:52:40 kali kernel: 514880 pages in range for PLT usage
Oct 19 14:52:40 kali kernel: pinctrl core: initialized pinctrl subsystem
Oct 19 14:52:40 kali kernel: SMBIOS 3.2.0 present.
Oct 19 14:52:40 kali kernel: DMI: VMware, Inc. VMware20,1/VBSA, BIOS VMW201.00V.24006586.BA64.2406042154 06/04/2024
Oct 19 14:52:40 kali kernel: DMI: Memory slots populated: 3/128
Oct 19 14:52:40 kali kernel: NET: Registered PF_NETLINK/PF_ROUTE protocol family
Oct 19 14:52:40 kali kernel: DMA: preallocated 4096 KiB GFP_KERNEL pool for atomic allocations
Oct 19 14:52:40 kali kernel: DMA: preallocated 4096 KiB GFP_KERNEL|GFP_DMA pool for atomic allocations
Oct 19 14:52:40 kali kernel: DMA: preallocated 4096 KiB GFP_KERNEL|GFP_DMA32 pool for atomic allocations
Oct 19 14:52:40 kali kernel: audit: initializing netlink subsys (disabled)
Oct 19 14:52:40 kali kernel: audit: type=2000 audit(0.032:1): state=initialized audit_enabled=0 res=1
Oct 19 14:52:40 kali kernel: thermal_sys: Registered thermal governor 'fair_share'
Oct 19 14:52:40 kali kernel: thermal_sys: Registered thermal governor 'bang_bang'
Oct 19 14:52:40 kali kernel: thermal_sys: Registered thermal governor 'step_wise'
Oct 19 14:52:40 kali kernel: thermal_sys: Registered thermal governor 'user_space'
Oct 19 14:52:40 kali kernel: thermal_sys: Registered thermal governor 'power_allocator'
Oct 19 14:52:40 kali kernel: cpuidle: using governor ladder
Oct 19 14:52:40 kali kernel: cpuidle: using governor menu
Oct 19 14:52:40 kali kernel: hw-breakpoint: found 2 breakpoint and 2 watchpoint registers.
Oct 19 14:52:40 kali kernel: ASID allocator initialised with 65536 entries
Oct 19 14:52:40 kali kernel: acpiphp: ACPI Hot Plug PCI Controller Driver version: 0.5
Oct 19 14:52:40 kali kernel: Serial: AMBA PL011 UART driver
Oct 19 14:52:40 kali kernel: HugeTLB: registered 1.00 GiB page size, pre-allocated 0 pages
Oct 19 14:52:40 kali kernel: HugeTLB: 0 KiB vmemmap can be freed for a 1.00 GiB page
Oct 19 14:52:40 kali kernel: HugeTLB: registered 32.0 MiB page size, pre-allocated 0 pages
Oct 19 14:52:40 kali kernel: HugeTLB: 0 KiB vmemmap can be freed for a 32.0 MiB page
Oct 19 14:52:40 kali kernel: HugeTLB: registered 2.00 MiB page size, pre-allocated 0 pages
Oct 19 14:52:40 kali kernel: HugeTLB: 0 KiB vmemmap can be freed for a 2.00 MiB page
Oct 19 14:52:40 kali kernel: HugeTLB: registered 64.0 KiB page size, pre-allocated 0 pages
Oct 19 14:52:40 kali kernel: HugeTLB: 0 KiB vmemmap can be freed for a 64.0 KiB page
Oct 19 14:52:40 kali kernel: ACPI: Added _OSI(Module Device)
Oct 19 14:52:40 kali kernel: ACPI: Added _OSI(Processor Device)
Oct 19 14:52:40 kali kernel: ACPI: Added _OSI(Processor Aggregator Device)
Oct 19 14:52:40 kali kernel: ACPI: 2 ACPI AML tables successfully acquired and loaded
Oct 19 14:52:40 kali kernel: ACPI: Interpreter enabled
Oct 19 14:52:40 kali kernel: ACPI: Using GIC for interrupt routing
Oct 19 14:52:40 kali kernel: ACPI: MCFG table detected, 1 entries
Oct 19 14:52:40 kali kernel: ACPI: PCI Root Bridge [PCI0] (domain 0000 [bus 00-ff])
Oct 19 14:52:40 kali kernel: acpi PNP0A08:00: _OSC: OS supports [ExtendedConfig ASPM ClockPM Segments MSI HPX-Type3]
Oct 19 14:52:40 kali kernel: acpi PNP0A08:00: _OSC: platform does not support [SHPCHotplug LTR]
Oct 19 14:52:40 kali kernel: acpi PNP0A08:00: _OSC: OS now controls [PCIeHotplug PME AER PCIeCapability]
Oct 19 14:52:40 kali kernel: acpi PNP0A08:00: ECAM area [mem 0x40000000-0x4fffffff] reserved by PNP0C02:00
Oct 19 14:52:40 kali kernel: acpi PNP0A08:00: ECAM at [mem 0x40000000-0x4fffffff] for [bus 00-ff]
Oct 19 14:52:40 kali kernel: PCI host bridge to bus 0000:00
Oct 19 14:52:40 kali kernel: pci_bus 0000:00: root bus resource [mem 0x30000000-0x3ffeffff window]
Oct 19 14:52:40 kali kernel: pci_bus 0000:00: root bus resource [mem 0x50000000-0x7fffffff window]
Oct 19 14:52:40 kali kernel: pci_bus 0000:00: root bus resource [bus 00-ff]
Oct 19 14:52:40 kali kernel: pci 0000:00:00.0: [15ad:1976] type 00 class 0x060000 conventional PCI endpoint
Oct 19 14:52:40 kali kernel: pci 0000:00:00.7: [15ad:0740] type 00 class 0x088000 conventional PCI endpoint
Oct 19 14:52:40 kali kernel: pci 0000:00:00.7: BAR 0 [io  0xd000-0xd03f]
Oct 19 14:52:40 kali kernel: pci 0000:00:00.7: BAR 1 [mem 0x3de00000-0x3de3ffff 64bit]
Oct 19 14:52:40 kali kernel: pci 0000:00:0f.0: [15ad:0406] type 00 class 0x030000 conventional PCI endpoint
Oct 19 14:52:40 kali kernel: pci 0000:00:0f.0: BAR 0 [mem 0x3d000000-0x3d3fffff 64bit]
Oct 19 14:52:40 kali kernel: pci 0000:00:0f.0: BAR 2 [mem 0x70000000-0x77ffffff 64bit pref]
Oct 19 14:52:40 kali kernel: pci 0000:00:11.0: [15ad:0790] type 01 class 0x060401 conventional PCI bridge
Oct 19 14:52:40 kali kernel: pci 0000:00:11.0: PCI bridge to [bus 01] (subtractive decode)
Oct 19 14:52:40 kali kernel: pci 0000:00:11.0:   bridge window [io  0xc000-0xcfff]
Oct 19 14:52:40 kali kernel: pci 0000:00:11.0:   bridge window [mem 0x3d400000-0x3ddfffff]
Oct 19 14:52:40 kali kernel: pci 0000:00:11.0:   bridge window [mem 0x78000000-0x784fffff 64bit pref]
Oct 19 14:52:40 kali kernel: pci 0000:00:15.0: [15ad:07a0] type 01 class 0x060400 PCIe Root Port
Oct 19 14:52:40 kali kernel: pci 0000:00:15.0: PCI bridge to [bus 02]
Oct 19 14:52:40 kali kernel: pci 0000:00:15.0:   bridge window [io  0xf000-0xffff]
Oct 19 14:52:40 kali kernel: pci 0000:00:15.0:   bridge window [mem 0x3fe00000-0x3fefffff]
Oct 19 14:52:40 kali kernel: pci 0000:00:15.0: PME# supported from D0 D3hot D3cold
Oct 19 14:52:40 kali kernel: pci 0000:00:15.1: [15ad:07a0] type 01 class 0x060400 PCIe Root Port
Oct 19 14:52:40 kali kernel: pci 0000:00:15.1: PCI bridge to [bus 03]
Oct 19 14:52:40 kali kernel: pci 0000:00:15.1:   bridge window [mem 0x3fd00000-0x3fdfffff]
Oct 19 14:52:40 kali kernel: pci 0000:00:15.1:   bridge window [mem 0x7a100000-0x7a1fffff 64bit pref]
Oct 19 14:52:40 kali kernel: pci 0000:00:15.1: PME# supported from D0 D3hot D3cold
Oct 19 14:52:40 kali kernel: pci 0000:00:15.2: [15ad:07a0] type 01 class 0x060400 PCIe Root Port
Oct 19 14:52:40 kali kernel: pci 0000:00:15.2: PCI bridge to [bus 04]
Oct 19 14:52:40 kali kernel: pci 0000:00:15.2:   bridge window [mem 0x3fc00000-0x3fcfffff]
Oct 19 14:52:40 kali kernel: pci 0000:00:15.2:   bridge window [mem 0x7a000000-0x7a0fffff 64bit pref]
Oct 19 14:52:40 kali kernel: pci 0000:00:15.2: PME# supported from D0 D3hot D3cold
Oct 19 14:52:40 kali kernel: pci 0000:00:15.3: [15ad:07a0] type 01 class 0x060400 PCIe Root Port
Oct 19 14:52:40 kali kernel: pci 0000:00:15.3: PCI bridge to [bus 05]
Oct 19 14:52:40 kali kernel: pci 0000:00:15.3:   bridge window [mem 0x3fb00000-0x3fbfffff]
Oct 19 14:52:40 kali kernel: pci 0000:00:15.3:   bridge window [mem 0x79f00000-0x79ffffff 64bit pref]
Oct 19 14:52:40 kali kernel: pci 0000:00:15.3: PME# supported from D0 D3hot D3cold
Oct 19 14:52:40 kali kernel: pci 0000:00:15.4: [15ad:07a0] type 01 class 0x060400 PCIe Root Port
Oct 19 14:52:40 kali kernel: pci 0000:00:15.4: PCI bridge to [bus 06]
Oct 19 14:52:40 kali kernel: pci 0000:00:15.4:   bridge window [mem 0x3fa00000-0x3fafffff]
Oct 19 14:52:40 kali kernel: pci 0000:00:15.4:   bridge window [mem 0x79e00000-0x79efffff 64bit pref]
Oct 19 14:52:40 kali kernel: pci 0000:00:15.4: PME# supported from D0 D3hot D3cold
Oct 19 14:52:40 kali kernel: pci 0000:00:15.5: [15ad:07a0] type 01 class 0x060400 PCIe Root Port
Oct 19 14:52:40 kali kernel: pci 0000:00:15.5: PCI bridge to [bus 07]
Oct 19 14:52:40 kali kernel: pci 0000:00:15.5:   bridge window [mem 0x3f900000-0x3f9fffff]
Oct 19 14:52:40 kali kernel: pci 0000:00:15.5:   bridge window [mem 0x79d00000-0x79dfffff 64bit pref]
Oct 19 14:52:40 kali kernel: pci 0000:00:15.5: PME# supported from D0 D3hot D3cold
Oct 19 14:52:40 kali kernel: pci 0000:00:15.6: [15ad:07a0] type 01 class 0x060400 PCIe Root Port
Oct 19 14:52:40 kali kernel: pci 0000:00:15.6: PCI bridge to [bus 08]
Oct 19 14:52:40 kali kernel: pci 0000:00:15.6:   bridge window [mem 0x3f800000-0x3f8fffff]
Oct 19 14:52:40 kali kernel: pci 0000:00:15.6:   bridge window [mem 0x79c00000-0x79cfffff 64bit pref]
Oct 19 14:52:40 kali kernel: pci 0000:00:15.6: PME# supported from D0 D3hot D3cold
Oct 19 14:52:40 kali kernel: pci 0000:00:15.7: [15ad:07a0] type 01 class 0x060400 PCIe Root Port
Oct 19 14:52:40 kali kernel: pci 0000:00:15.7: PCI bridge to [bus 09]
Oct 19 14:52:40 kali kernel: pci 0000:00:15.7:   bridge window [mem 0x3f700000-0x3f7fffff]
Oct 19 14:52:40 kali kernel: pci 0000:00:15.7:   bridge window [mem 0x79b00000-0x79bfffff 64bit pref]
Oct 19 14:52:40 kali kernel: pci 0000:00:15.7: PME# supported from D0 D3hot D3cold
Oct 19 14:52:40 kali kernel: pci 0000:00:16.0: [15ad:07a0] type 01 class 0x060400 PCIe Root Port
Oct 19 14:52:40 kali kernel: pci 0000:00:16.0: PCI bridge to [bus 0a]
Oct 19 14:52:40 kali kernel: pci 0000:00:16.0:   bridge window [mem 0x3f600000-0x3f6fffff]
Oct 19 14:52:40 kali kernel: pci 0000:00:16.0: PME# supported from D0 D3hot D3cold
Oct 19 14:52:40 kali kernel: pci 0000:00:16.1: [15ad:07a0] type 01 class 0x060400 PCIe Root Port
Oct 19 14:52:40 kali kernel: pci 0000:00:16.1: PCI bridge to [bus 0b]
Oct 19 14:52:40 kali kernel: pci 0000:00:16.1:   bridge window [mem 0x3f500000-0x3f5fffff]
Oct 19 14:52:40 kali kernel: pci 0000:00:16.1:   bridge window [mem 0x79a00000-0x79afffff 64bit pref]
Oct 19 14:52:40 kali kernel: pci 0000:00:16.1: PME# supported from D0 D3hot D3cold
Oct 19 14:52:40 kali kernel: pci 0000:00:16.2: [15ad:07a0] type 01 class 0x060400 PCIe Root Port
Oct 19 14:52:40 kali kernel: pci 0000:00:16.2: PCI bridge to [bus 0c]
Oct 19 14:52:40 kali kernel: pci 0000:00:16.2:   bridge window [mem 0x3f400000-0x3f4fffff]
Oct 19 14:52:40 kali kernel: pci 0000:00:16.2:   bridge window [mem 0x79900000-0x799fffff 64bit pref]
Oct 19 14:52:40 kali kernel: pci 0000:00:16.2: PME# supported from D0 D3hot D3cold
Oct 19 14:52:40 kali kernel: pci 0000:00:16.3: [15ad:07a0] type 01 class 0x060400 PCIe Root Port
Oct 19 14:52:40 kali kernel: pci 0000:00:16.3: PCI bridge to [bus 0d]
Oct 19 14:52:40 kali kernel: pci 0000:00:16.3:   bridge window [mem 0x3f300000-0x3f3fffff]
Oct 19 14:52:40 kali kernel: pci 0000:00:16.3:   bridge window [mem 0x79800000-0x798fffff 64bit pref]
Oct 19 14:52:40 kali kernel: pci 0000:00:16.3: PME# supported from D0 D3hot D3cold
Oct 19 14:52:40 kali kernel: pci 0000:00:16.4: [15ad:07a0] type 01 class 0x060400 PCIe Root Port
Oct 19 14:52:40 kali kernel: pci 0000:00:16.4: PCI bridge to [bus 0e]
Oct 19 14:52:40 kali kernel: pci 0000:00:16.4:   bridge window [mem 0x3f200000-0x3f2fffff]
Oct 19 14:52:40 kali kernel: pci 0000:00:16.4:   bridge window [mem 0x79700000-0x797fffff 64bit pref]
Oct 19 14:52:40 kali kernel: pci 0000:00:16.4: PME# supported from D0 D3hot D3cold
Oct 19 14:52:40 kali kernel: pci 0000:00:16.5: [15ad:07a0] type 01 class 0x060400 PCIe Root Port
Oct 19 14:52:40 kali kernel: pci 0000:00:16.5: PCI bridge to [bus 0f]
Oct 19 14:52:40 kali kernel: pci 0000:00:16.5:   bridge window [mem 0x3f100000-0x3f1fffff]
Oct 19 14:52:40 kali kernel: pci 0000:00:16.5:   bridge window [mem 0x79600000-0x796fffff 64bit pref]
Oct 19 14:52:40 kali kernel: pci 0000:00:16.5: PME# supported from D0 D3hot D3cold
Oct 19 14:52:40 kali kernel: pci 0000:00:16.6: [15ad:07a0] type 01 class 0x060400 PCIe Root Port
Oct 19 14:52:40 kali kernel: pci 0000:00:16.6: PCI bridge to [bus 10]
Oct 19 14:52:40 kali kernel: pci 0000:00:16.6:   bridge window [mem 0x3f000000-0x3f0fffff]
Oct 19 14:52:40 kali kernel: pci 0000:00:16.6:   bridge window [mem 0x79500000-0x795fffff 64bit pref]
Oct 19 14:52:40 kali kernel: pci 0000:00:16.6: PME# supported from D0 D3hot D3cold
Oct 19 14:52:40 kali kernel: pci 0000:00:16.7: [15ad:07a0] type 01 class 0x060400 PCIe Root Port
Oct 19 14:52:40 kali kernel: pci 0000:00:16.7: PCI bridge to [bus 11]
Oct 19 14:52:40 kali kernel: pci 0000:00:16.7:   bridge window [mem 0x3ef00000-0x3effffff]
Oct 19 14:52:40 kali kernel: pci 0000:00:16.7:   bridge window [mem 0x79400000-0x794fffff 64bit pref]
Oct 19 14:52:40 kali kernel: pci 0000:00:16.7: PME# supported from D0 D3hot D3cold
Oct 19 14:52:40 kali kernel: pci 0000:00:17.0: [15ad:07a0] type 01 class 0x060400 PCIe Root Port
Oct 19 14:52:40 kali kernel: pci 0000:00:17.0: PCI bridge to [bus 12]
Oct 19 14:52:40 kali kernel: pci 0000:00:17.0:   bridge window [io  0xe000-0xefff]
Oct 19 14:52:40 kali kernel: pci 0000:00:17.0:   bridge window [mem 0x3ee00000-0x3eefffff]
Oct 19 14:52:40 kali kernel: pci 0000:00:17.0: PME# supported from D0 D3hot D3cold
Oct 19 14:52:40 kali kernel: pci 0000:00:17.1: [15ad:07a0] type 01 class 0x060400 PCIe Root Port
Oct 19 14:52:40 kali kernel: pci 0000:00:17.1: PCI bridge to [bus 13]
Oct 19 14:52:40 kali kernel: pci 0000:00:17.1:   bridge window [mem 0x3ed00000-0x3edfffff]
Oct 19 14:52:40 kali kernel: pci 0000:00:17.1:   bridge window [mem 0x79300000-0x793fffff 64bit pref]
Oct 19 14:52:40 kali kernel: pci 0000:00:17.1: PME# supported from D0 D3hot D3cold
Oct 19 14:52:40 kali kernel: pci 0000:00:17.2: [15ad:07a0] type 01 class 0x060400 PCIe Root Port
Oct 19 14:52:40 kali kernel: pci 0000:00:17.2: PCI bridge to [bus 14]
Oct 19 14:52:40 kali kernel: pci 0000:00:17.2:   bridge window [mem 0x3ec00000-0x3ecfffff]
Oct 19 14:52:40 kali kernel: pci 0000:00:17.2:   bridge window [mem 0x79200000-0x792fffff 64bit pref]
Oct 19 14:52:40 kali kernel: pci 0000:00:17.2: PME# supported from D0 D3hot D3cold
Oct 19 14:52:40 kali kernel: pci 0000:00:17.3: [15ad:07a0] type 01 class 0x060400 PCIe Root Port
Oct 19 14:52:40 kali kernel: pci 0000:00:17.3: PCI bridge to [bus 15]
Oct 19 14:52:40 kali kernel: pci 0000:00:17.3:   bridge window [mem 0x3eb00000-0x3ebfffff]
Oct 19 14:52:40 kali kernel: pci 0000:00:17.3:   bridge window [mem 0x79100000-0x791fffff 64bit pref]
Oct 19 14:52:40 kali kernel: pci 0000:00:17.3: PME# supported from D0 D3hot D3cold
Oct 19 14:52:40 kali kernel: pci 0000:00:17.4: [15ad:07a0] type 01 class 0x060400 PCIe Root Port
Oct 19 14:52:40 kali kernel: pci 0000:00:17.4: PCI bridge to [bus 16]
Oct 19 14:52:40 kali kernel: pci 0000:00:17.4:   bridge window [mem 0x3ea00000-0x3eafffff]
Oct 19 14:52:40 kali kernel: pci 0000:00:17.4:   bridge window [mem 0x79000000-0x790fffff 64bit pref]
Oct 19 14:52:40 kali kernel: pci 0000:00:17.4: PME# supported from D0 D3hot D3cold
Oct 19 14:52:40 kali kernel: pci 0000:00:17.5: [15ad:07a0] type 01 class 0x060400 PCIe Root Port
Oct 19 14:52:40 kali kernel: pci 0000:00:17.5: PCI bridge to [bus 17]
Oct 19 14:52:40 kali kernel: pci 0000:00:17.5:   bridge window [mem 0x3e900000-0x3e9fffff]
Oct 19 14:52:40 kali kernel: pci 0000:00:17.5:   bridge window [mem 0x78f00000-0x78ffffff 64bit pref]
Oct 19 14:52:40 kali kernel: pci 0000:00:17.5: PME# supported from D0 D3hot D3cold
Oct 19 14:52:40 kali kernel: pci 0000:00:17.6: [15ad:07a0] type 01 class 0x060400 PCIe Root Port
Oct 19 14:52:40 kali kernel: pci 0000:00:17.6: PCI bridge to [bus 18]
Oct 19 14:52:40 kali kernel: pci 0000:00:17.6:   bridge window [mem 0x3e800000-0x3e8fffff]
Oct 19 14:52:40 kali kernel: pci 0000:00:17.6:   bridge window [mem 0x78e00000-0x78efffff 64bit pref]
Oct 19 14:52:40 kali kernel: pci 0000:00:17.6: PME# supported from D0 D3hot D3cold
Oct 19 14:52:40 kali kernel: pci 0000:00:17.7: [15ad:07a0] type 01 class 0x060400 PCIe Root Port
Oct 19 14:52:40 kali kernel: pci 0000:00:17.7: PCI bridge to [bus 19]
Oct 19 14:52:40 kali kernel: pci 0000:00:17.7:   bridge window [mem 0x3e700000-0x3e7fffff]
Oct 19 14:52:40 kali kernel: pci 0000:00:17.7:   bridge window [mem 0x78d00000-0x78dfffff 64bit pref]
Oct 19 14:52:40 kali kernel: pci 0000:00:17.7: PME# supported from D0 D3hot D3cold
Oct 19 14:52:40 kali kernel: pci 0000:00:18.0: [15ad:07a0] type 01 class 0x060400 PCIe Root Port
Oct 19 14:52:40 kali kernel: pci 0000:00:18.0: PCI bridge to [bus 1a]
Oct 19 14:52:40 kali kernel: pci 0000:00:18.0:   bridge window [mem 0x3e600000-0x3e6fffff]
Oct 19 14:52:40 kali kernel: pci 0000:00:18.0:   bridge window [mem 0x78c00000-0x78cfffff 64bit pref]
Oct 19 14:52:40 kali kernel: pci 0000:00:18.0: PME# supported from D0 D3hot D3cold
Oct 19 14:52:40 kali kernel: pci 0000:00:18.1: [15ad:07a0] type 01 class 0x060400 PCIe Root Port
Oct 19 14:52:40 kali kernel: pci 0000:00:18.1: PCI bridge to [bus 1b]
Oct 19 14:52:40 kali kernel: pci 0000:00:18.1:   bridge window [mem 0x3e500000-0x3e5fffff]
Oct 19 14:52:40 kali kernel: pci 0000:00:18.1:   bridge window [mem 0x78b00000-0x78bfffff 64bit pref]
Oct 19 14:52:40 kali kernel: pci 0000:00:18.1: PME# supported from D0 D3hot D3cold
Oct 19 14:52:40 kali kernel: pci 0000:00:18.2: [15ad:07a0] type 01 class 0x060400 PCIe Root Port
Oct 19 14:52:40 kali kernel: pci 0000:00:18.2: PCI bridge to [bus 1c]
Oct 19 14:52:40 kali kernel: pci 0000:00:18.2:   bridge window [mem 0x3e400000-0x3e4fffff]
Oct 19 14:52:40 kali kernel: pci 0000:00:18.2:   bridge window [mem 0x78a00000-0x78afffff 64bit pref]
Oct 19 14:52:40 kali kernel: pci 0000:00:18.2: PME# supported from D0 D3hot D3cold
Oct 19 14:52:40 kali kernel: pci 0000:00:18.3: [15ad:07a0] type 01 class 0x060400 PCIe Root Port
Oct 19 14:52:40 kali kernel: pci 0000:00:18.3: PCI bridge to [bus 1d]
Oct 19 14:52:40 kali kernel: pci 0000:00:18.3:   bridge window [mem 0x3e300000-0x3e3fffff]
Oct 19 14:52:40 kali kernel: pci 0000:00:18.3:   bridge window [mem 0x78900000-0x789fffff 64bit pref]
Oct 19 14:52:40 kali kernel: pci 0000:00:18.3: PME# supported from D0 D3hot D3cold
Oct 19 14:52:40 kali kernel: pci 0000:00:18.4: [15ad:07a0] type 01 class 0x060400 PCIe Root Port
Oct 19 14:52:40 kali kernel: pci 0000:00:18.4: PCI bridge to [bus 1e]
Oct 19 14:52:40 kali kernel: pci 0000:00:18.4:   bridge window [mem 0x3e200000-0x3e2fffff]
Oct 19 14:52:40 kali kernel: pci 0000:00:18.4:   bridge window [mem 0x78800000-0x788fffff 64bit pref]
Oct 19 14:52:40 kali kernel: pci 0000:00:18.4: PME# supported from D0 D3hot D3cold
Oct 19 14:52:40 kali kernel: pci 0000:00:18.5: [15ad:07a0] type 01 class 0x060400 PCIe Root Port
Oct 19 14:52:40 kali kernel: pci 0000:00:18.5: PCI bridge to [bus 1f]
Oct 19 14:52:40 kali kernel: pci 0000:00:18.5:   bridge window [mem 0x3e100000-0x3e1fffff]
Oct 19 14:52:40 kali kernel: pci 0000:00:18.5:   bridge window [mem 0x78700000-0x787fffff 64bit pref]
Oct 19 14:52:40 kali kernel: pci 0000:00:18.5: PME# supported from D0 D3hot D3cold
Oct 19 14:52:40 kali kernel: pci 0000:00:18.6: [15ad:07a0] type 01 class 0x060400 PCIe Root Port
Oct 19 14:52:40 kali kernel: pci 0000:00:18.6: PCI bridge to [bus 20]
Oct 19 14:52:40 kali kernel: pci 0000:00:18.6:   bridge window [mem 0x3e000000-0x3e0fffff]
Oct 19 14:52:40 kali kernel: pci 0000:00:18.6:   bridge window [mem 0x78600000-0x786fffff 64bit pref]
Oct 19 14:52:40 kali kernel: pci 0000:00:18.6: PME# supported from D0 D3hot D3cold
Oct 19 14:52:40 kali kernel: pci 0000:00:18.7: [15ad:07a0] type 01 class 0x060400 PCIe Root Port
Oct 19 14:52:40 kali kernel: pci 0000:00:18.7: PCI bridge to [bus 21]
Oct 19 14:52:40 kali kernel: pci 0000:00:18.7:   bridge window [mem 0x3df00000-0x3dffffff]
Oct 19 14:52:40 kali kernel: pci 0000:00:18.7:   bridge window [mem 0x78500000-0x785fffff 64bit pref]
Oct 19 14:52:40 kali kernel: pci 0000:00:18.7: PME# supported from D0 D3hot D3cold
Oct 19 14:52:40 kali kernel: pci_bus 0000:01: extended config space not accessible
Oct 19 14:52:40 kali kernel: pci 0000:01:00.0: [15ad:0774] type 00 class 0x0c0300 conventional PCI endpoint
Oct 19 14:52:40 kali kernel: pci 0000:01:00.0: BAR 4 [io  0xc000-0xc01f]
Oct 19 14:52:40 kali kernel: pci 0000:01:01.0: [15ad:1977] type 00 class 0x040300 conventional PCI endpoint
Oct 19 14:52:40 kali kernel: pci 0000:01:01.0: BAR 0 [mem 0x3d400000-0x3d403fff 64bit]
Oct 19 14:52:40 kali kernel: pci 0000:01:01.0: PME# supported from D0 D3hot D3cold
Oct 19 14:52:40 kali kernel: pci 0000:01:02.0: [15ad:0770] type 00 class 0x0c0320 conventional PCI endpoint
Oct 19 14:52:40 kali kernel: pci 0000:01:02.0: BAR 0 [mem 0x3d408000-0x3d40bfff]
Oct 19 14:52:40 kali kernel: pci 0000:01:03.0: [15ad:07e0] type 00 class 0x010601 conventional PCI endpoint
Oct 19 14:52:40 kali kernel: pci 0000:01:03.0: BAR 5 [mem 0x3d404000-0x3d407fff]
Oct 19 14:52:40 kali kernel: pci 0000:01:03.0: PME# supported from D3hot
Oct 19 14:52:40 kali kernel: pci 0000:02:00.0: [8086:10d3] type 00 class 0x020000 PCIe Endpoint
Oct 19 14:52:40 kali kernel: pci 0000:02:00.0: BAR 0 [mem 0x3fe00000-0x3fe1ffff]
Oct 19 14:52:40 kali kernel: pci 0000:02:00.0: BAR 2 [io  0xf000-0xf01f]
Oct 19 14:52:40 kali kernel: pci 0000:02:00.0: BAR 3 [mem 0x3fe20000-0x3fe23fff]
Oct 19 14:52:40 kali kernel: pci 0000:02:00.0: PME# supported from D0 D3hot D3cold
Oct 19 14:52:40 kali kernel: pci 0000:0a:00.0: [15ad:077a] type 00 class 0x0c0330 PCIe Endpoint
Oct 19 14:52:40 kali kernel: pci 0000:0a:00.0: BAR 0 [mem 0x3f600000-0x3f67ffff 64bit]
Oct 19 14:52:40 kali kernel: pci 0000:0a:00.0: PME# supported from D0 D3hot D3cold
Oct 19 14:52:40 kali kernel: pci 0000:0a:00.0: disabling ASPM on pre-1.1 PCIe device.  You can enable it with 'pcie_aspm=force'
Oct 19 14:52:40 kali kernel: pci 0000:12:00.0: [15ad:07f0] type 00 class 0x010802 PCIe Endpoint
Oct 19 14:52:40 kali kernel: pci 0000:12:00.0: BAR 0 [mem 0x3ee00000-0x3ee03fff 64bit]
Oct 19 14:52:40 kali kernel: pci 0000:12:00.0: BAR 2 [io  0xe000-0xe007]
Oct 19 14:52:40 kali kernel: pci 0000:12:00.0: PME# supported from D0 D3hot D3cold
Oct 19 14:52:40 kali kernel: pci 0000:12:00.0: disabling ASPM on pre-1.1 PCIe device.  You can enable it with 'pcie_aspm=force'
Oct 19 14:52:40 kali kernel: pci 0000:00:11.0: PCI bridge to [bus 01] (subtractive decode)
Oct 19 14:52:40 kali kernel: pci 0000:00:11.0:   bridge window [mem 0x30000000-0x3ffeffff window] (subtractive decode)
Oct 19 14:52:40 kali kernel: pci 0000:00:11.0:   bridge window [mem 0x50000000-0x7fffffff window] (subtractive decode)
Oct 19 14:52:40 kali kernel: pci 0000:00:11.0: bridge window [io  0xc000-0xcfff]: can't claim; no compatible bridge window
Oct 19 14:52:40 kali kernel: pci 0000:00:15.0: PCI bridge to [bus 02]
Oct 19 14:52:40 kali kernel: pci 0000:00:15.0: bridge window [io  0xf000-0xffff]: can't claim; no compatible bridge window
Oct 19 14:52:40 kali kernel: pci 0000:00:15.1: PCI bridge to [bus 03]
Oct 19 14:52:40 kali kernel: pci 0000:00:15.2: PCI bridge to [bus 04]
Oct 19 14:52:40 kali kernel: pci 0000:00:15.3: PCI bridge to [bus 05]
Oct 19 14:52:40 kali kernel: pci 0000:00:15.4: PCI bridge to [bus 06]
Oct 19 14:52:40 kali kernel: pci 0000:00:15.5: PCI bridge to [bus 07]
Oct 19 14:52:40 kali kernel: pci 0000:00:15.6: PCI bridge to [bus 08]
Oct 19 14:52:40 kali kernel: pci 0000:00:15.7: PCI bridge to [bus 09]
Oct 19 14:52:40 kali kernel: pci 0000:00:16.0: PCI bridge to [bus 0a]
Oct 19 14:52:40 kali kernel: pci 0000:00:16.1: PCI bridge to [bus 0b]
Oct 19 14:52:40 kali kernel: pci 0000:00:16.2: PCI bridge to [bus 0c]
Oct 19 14:52:40 kali kernel: pci 0000:00:16.3: PCI bridge to [bus 0d]
Oct 19 14:52:40 kali kernel: pci 0000:00:16.4: PCI bridge to [bus 0e]
Oct 19 14:52:40 kali kernel: pci 0000:00:16.5: PCI bridge to [bus 0f]
Oct 19 14:52:40 kali kernel: pci 0000:00:16.6: PCI bridge to [bus 10]
Oct 19 14:52:40 kali kernel: pci 0000:00:16.7: PCI bridge to [bus 11]
Oct 19 14:52:40 kali kernel: pci 0000:00:17.0: PCI bridge to [bus 12]
Oct 19 14:52:40 kali kernel: pci 0000:00:17.0: bridge window [io  0xe000-0xefff]: can't claim; no compatible bridge window
Oct 19 14:52:40 kali kernel: pci 0000:00:17.1: PCI bridge to [bus 13]
Oct 19 14:52:40 kali kernel: pci 0000:00:17.2: PCI bridge to [bus 14]
Oct 19 14:52:40 kali kernel: pci 0000:00:17.3: PCI bridge to [bus 15]
Oct 19 14:52:40 kali kernel: pci 0000:00:17.4: PCI bridge to [bus 16]
Oct 19 14:52:40 kali kernel: pci 0000:00:17.5: PCI bridge to [bus 17]
Oct 19 14:52:40 kali kernel: pci 0000:00:17.6: PCI bridge to [bus 18]
Oct 19 14:52:40 kali kernel: pci 0000:00:17.7: PCI bridge to [bus 19]
Oct 19 14:52:40 kali kernel: pci 0000:00:18.0: PCI bridge to [bus 1a]
Oct 19 14:52:40 kali kernel: pci 0000:00:18.1: PCI bridge to [bus 1b]
Oct 19 14:52:40 kali kernel: pci 0000:00:18.2: PCI bridge to [bus 1c]
Oct 19 14:52:40 kali kernel: pci 0000:00:18.3: PCI bridge to [bus 1d]
Oct 19 14:52:40 kali kernel: pci 0000:00:18.4: PCI bridge to [bus 1e]
Oct 19 14:52:40 kali kernel: pci 0000:00:18.5: PCI bridge to [bus 1f]
Oct 19 14:52:40 kali kernel: pci 0000:00:18.6: PCI bridge to [bus 20]
Oct 19 14:52:40 kali kernel: pci 0000:00:18.7: PCI bridge to [bus 21]
Oct 19 14:52:40 kali kernel: pci 0000:00:00.7: BAR 0 [io  0xd000-0xd03f]: can't claim; no compatible bridge window
Oct 19 14:52:40 kali kernel: pci 0000:01:00.0: BAR 4 [io  0xc000-0xc01f]: can't claim; no compatible bridge window
Oct 19 14:52:40 kali kernel: pci 0000:02:00.0: BAR 2 [io  0xf000-0xf01f]: can't claim; no compatible bridge window
Oct 19 14:52:40 kali kernel: pci 0000:12:00.0: BAR 2 [io  0xe000-0xe007]: can't claim; no compatible bridge window
Oct 19 14:52:40 kali kernel: pci 0000:00:15.0: bridge window [mem 0x00100000-0x000fffff 64bit pref] to [bus 02] add_size 200000 add_align 100000
Oct 19 14:52:40 kali kernel: pci 0000:00:15.1: bridge window [io  0x1000-0x0fff] to [bus 03] add_size 1000
Oct 19 14:52:40 kali kernel: pci 0000:00:15.2: bridge window [io  0x1000-0x0fff] to [bus 04] add_size 1000
Oct 19 14:52:40 kali kernel: pci 0000:00:15.3: bridge window [io  0x1000-0x0fff] to [bus 05] add_size 1000
Oct 19 14:52:40 kali kernel: pci 0000:00:15.4: bridge window [io  0x1000-0x0fff] to [bus 06] add_size 1000
Oct 19 14:52:40 kali kernel: pci 0000:00:15.5: bridge window [io  0x1000-0x0fff] to [bus 07] add_size 1000
Oct 19 14:52:40 kali kernel: pci 0000:00:15.6: bridge window [io  0x1000-0x0fff] to [bus 08] add_size 1000
Oct 19 14:52:40 kali kernel: pci 0000:00:15.7: bridge window [io  0x1000-0x0fff] to [bus 09] add_size 1000
Oct 19 14:52:40 kali kernel: pci 0000:00:16.0: bridge window [io  0x1000-0x0fff] to [bus 0a] add_size 1000
Oct 19 14:52:40 kali kernel: pci 0000:00:16.0: bridge window [mem 0x00100000-0x000fffff 64bit pref] to [bus 0a] add_size 200000 add_align 100000
Oct 19 14:52:40 kali kernel: pci 0000:00:16.1: bridge window [io  0x1000-0x0fff] to [bus 0b] add_size 1000
Oct 19 14:52:40 kali kernel: pci 0000:00:16.2: bridge window [io  0x1000-0x0fff] to [bus 0c] add_size 1000
Oct 19 14:52:40 kali kernel: pci 0000:00:16.3: bridge window [io  0x1000-0x0fff] to [bus 0d] add_size 1000
Oct 19 14:52:40 kali kernel: pci 0000:00:16.4: bridge window [io  0x1000-0x0fff] to [bus 0e] add_size 1000
Oct 19 14:52:40 kali kernel: pci 0000:00:16.5: bridge window [io  0x1000-0x0fff] to [bus 0f] add_size 1000
Oct 19 14:52:40 kali kernel: pci 0000:00:16.6: bridge window [io  0x1000-0x0fff] to [bus 10] add_size 1000
Oct 19 14:52:40 kali kernel: pci 0000:00:16.7: bridge window [io  0x1000-0x0fff] to [bus 11] add_size 1000
Oct 19 14:52:40 kali kernel: pci 0000:00:17.0: bridge window [mem 0x00100000-0x000fffff 64bit pref] to [bus 12] add_size 200000 add_align 100000
Oct 19 14:52:40 kali kernel: pci 0000:00:17.1: bridge window [io  0x1000-0x0fff] to [bus 13] add_size 1000
Oct 19 14:52:40 kali kernel: pci 0000:00:17.2: bridge window [io  0x1000-0x0fff] to [bus 14] add_size 1000
Oct 19 14:52:40 kali kernel: pci 0000:00:17.3: bridge window [io  0x1000-0x0fff] to [bus 15] add_size 1000
Oct 19 14:52:40 kali kernel: pci 0000:00:17.4: bridge window [io  0x1000-0x0fff] to [bus 16] add_size 1000
Oct 19 14:52:40 kali kernel: pci 0000:00:17.5: bridge window [io  0x1000-0x0fff] to [bus 17] add_size 1000
Oct 19 14:52:40 kali kernel: pci 0000:00:17.6: bridge window [io  0x1000-0x0fff] to [bus 18] add_size 1000
Oct 19 14:52:40 kali kernel: pci 0000:00:17.7: bridge window [io  0x1000-0x0fff] to [bus 19] add_size 1000
Oct 19 14:52:40 kali kernel: pci 0000:00:18.0: bridge window [io  0x1000-0x0fff] to [bus 1a] add_size 1000
Oct 19 14:52:40 kali kernel: pci 0000:00:18.1: bridge window [io  0x1000-0x0fff] to [bus 1b] add_size 1000
Oct 19 14:52:40 kali kernel: pci 0000:00:18.2: bridge window [io  0x1000-0x0fff] to [bus 1c] add_size 1000
Oct 19 14:52:40 kali kernel: pci 0000:00:18.3: bridge window [io  0x1000-0x0fff] to [bus 1d] add_size 1000
Oct 19 14:52:40 kali kernel: pci 0000:00:18.4: bridge window [io  0x1000-0x0fff] to [bus 1e] add_size 1000
Oct 19 14:52:40 kali kernel: pci 0000:00:18.5: bridge window [io  0x1000-0x0fff] to [bus 1f] add_size 1000
Oct 19 14:52:40 kali kernel: pci 0000:00:18.6: bridge window [io  0x1000-0x0fff] to [bus 20] add_size 1000
Oct 19 14:52:40 kali kernel: pci 0000:00:18.7: bridge window [io  0x1000-0x0fff] to [bus 21] add_size 1000
Oct 19 14:52:40 kali kernel: pci 0000:00:15.0: bridge window [mem 0x30000000-0x301fffff 64bit pref]: assigned
Oct 19 14:52:40 kali kernel: pci 0000:00:16.0: bridge window [mem 0x30200000-0x303fffff 64bit pref]: assigned
Oct 19 14:52:40 kali kernel: pci 0000:00:17.0: bridge window [mem 0x30400000-0x305fffff 64bit pref]: assigned
Oct 19 14:52:40 kali kernel: pci 0000:00:11.0: bridge window [io  size 0x1000]: can't assign; no space
Oct 19 14:52:40 kali kernel: pci 0000:00:11.0: bridge window [io  size 0x1000]: failed to assign
Oct 19 14:52:40 kali kernel: pci 0000:00:15.0: bridge window [io  size 0x1000]: can't assign; no space
Oct 19 14:52:40 kali kernel: pci 0000:00:15.0: bridge window [io  size 0x1000]: failed to assign
Oct 19 14:52:40 kali kernel: pci 0000:00:15.1: bridge window [io  size 0x1000]: can't assign; no space
Oct 19 14:52:40 kali kernel: pci 0000:00:15.1: bridge window [io  size 0x1000]: failed to assign
Oct 19 14:52:40 kali kernel: pci 0000:00:15.2: bridge window [io  size 0x1000]: can't assign; no space
Oct 19 14:52:40 kali kernel: pci 0000:00:15.2: bridge window [io  size 0x1000]: failed to assign
Oct 19 14:52:40 kali kernel: pci 0000:00:15.3: bridge window [io  size 0x1000]: can't assign; no space
Oct 19 14:52:40 kali kernel: pci 0000:00:15.3: bridge window [io  size 0x1000]: failed to assign
Oct 19 14:52:40 kali kernel: pci 0000:00:15.4: bridge window [io  size 0x1000]: can't assign; no space
Oct 19 14:52:40 kali kernel: pci 0000:00:15.4: bridge window [io  size 0x1000]: failed to assign
Oct 19 14:52:40 kali kernel: pci 0000:00:15.5: bridge window [io  size 0x1000]: can't assign; no space
Oct 19 14:52:40 kali kernel: pci 0000:00:15.5: bridge window [io  size 0x1000]: failed to assign
Oct 19 14:52:40 kali kernel: pci 0000:00:15.6: bridge window [io  size 0x1000]: can't assign; no space
Oct 19 14:52:40 kali kernel: pci 0000:00:15.6: bridge window [io  size 0x1000]: failed to assign
Oct 19 14:52:40 kali kernel: pci 0000:00:15.7: bridge window [io  size 0x1000]: can't assign; no space
Oct 19 14:52:40 kali kernel: pci 0000:00:15.7: bridge window [io  size 0x1000]: failed to assign
Oct 19 14:52:40 kali kernel: pci 0000:00:16.0: bridge window [io  size 0x1000]: can't assign; no space
Oct 19 14:52:40 kali kernel: pci 0000:00:16.0: bridge window [io  size 0x1000]: failed to assign
Oct 19 14:52:40 kali kernel: pci 0000:00:16.1: bridge window [io  size 0x1000]: can't assign; no space
Oct 19 14:52:40 kali kernel: pci 0000:00:16.1: bridge window [io  size 0x1000]: failed to assign
Oct 19 14:52:40 kali kernel: pci 0000:00:16.2: bridge window [io  size 0x1000]: can't assign; no space
Oct 19 14:52:40 kali kernel: pci 0000:00:16.2: bridge window [io  size 0x1000]: failed to assign
Oct 19 14:52:40 kali kernel: pci 0000:00:16.3: bridge window [io  size 0x1000]: can't assign; no space
Oct 19 14:52:40 kali kernel: pci 0000:00:16.3: bridge window [io  size 0x1000]: failed to assign
Oct 19 14:52:40 kali kernel: pci 0000:00:16.4: bridge window [io  size 0x1000]: can't assign; no space
Oct 19 14:52:40 kali kernel: pci 0000:00:16.4: bridge window [io  size 0x1000]: failed to assign
Oct 19 14:52:40 kali kernel: pci 0000:00:16.5: bridge window [io  size 0x1000]: can't assign; no space
Oct 19 14:52:40 kali kernel: pci 0000:00:16.5: bridge window [io  size 0x1000]: failed to assign
Oct 19 14:52:40 kali kernel: pci 0000:00:16.6: bridge window [io  size 0x1000]: can't assign; no space
Oct 19 14:52:40 kali kernel: pci 0000:00:16.6: bridge window [io  size 0x1000]: failed to assign
Oct 19 14:52:40 kali kernel: pci 0000:00:16.7: bridge window [io  size 0x1000]: can't assign; no space
Oct 19 14:52:40 kali kernel: pci 0000:00:16.7: bridge window [io  size 0x1000]: failed to assign
Oct 19 14:52:40 kali kernel: pci 0000:00:17.0: bridge window [io  size 0x1000]: can't assign; no space
Oct 19 14:52:40 kali kernel: pci 0000:00:17.0: bridge window [io  size 0x1000]: failed to assign
Oct 19 14:52:40 kali kernel: pci 0000:00:17.1: bridge window [io  size 0x1000]: can't assign; no space
Oct 19 14:52:40 kali kernel: pci 0000:00:17.1: bridge window [io  size 0x1000]: failed to assign
Oct 19 14:52:40 kali kernel: pci 0000:00:17.2: bridge window [io  size 0x1000]: can't assign; no space
Oct 19 14:52:40 kali kernel: pci 0000:00:17.2: bridge window [io  size 0x1000]: failed to assign
Oct 19 14:52:40 kali kernel: pci 0000:00:17.3: bridge window [io  size 0x1000]: can't assign; no space
Oct 19 14:52:40 kali kernel: pci 0000:00:17.3: bridge window [io  size 0x1000]: failed to assign
Oct 19 14:52:40 kali kernel: pci 0000:00:17.4: bridge window [io  size 0x1000]: can't assign; no space
Oct 19 14:52:40 kali kernel: pci 0000:00:17.4: bridge window [io  size 0x1000]: failed to assign
Oct 19 14:52:40 kali kernel: pci 0000:00:17.5: bridge window [io  size 0x1000]: can't assign; no space
Oct 19 14:52:40 kali kernel: pci 0000:00:17.5: bridge window [io  size 0x1000]: failed to assign
Oct 19 14:52:40 kali kernel: pci 0000:00:17.6: bridge window [io  size 0x1000]: can't assign; no space
Oct 19 14:52:40 kali kernel: pci 0000:00:17.6: bridge window [io  size 0x1000]: failed to assign
Oct 19 14:52:40 kali kernel: pci 0000:00:17.7: bridge window [io  size 0x1000]: can't assign; no space
Oct 19 14:52:40 kali kernel: pci 0000:00:17.7: bridge window [io  size 0x1000]: failed to assign
Oct 19 14:52:40 kali kernel: pci 0000:00:18.0: bridge window [io  size 0x1000]: can't assign; no space
Oct 19 14:52:40 kali kernel: pci 0000:00:18.0: bridge window [io  size 0x1000]: failed to assign
Oct 19 14:52:40 kali kernel: pci 0000:00:18.1: bridge window [io  size 0x1000]: can't assign; no space
Oct 19 14:52:40 kali kernel: pci 0000:00:18.1: bridge window [io  size 0x1000]: failed to assign
Oct 19 14:52:40 kali kernel: pci 0000:00:18.2: bridge window [io  size 0x1000]: can't assign; no space
Oct 19 14:52:40 kali kernel: pci 0000:00:18.2: bridge window [io  size 0x1000]: failed to assign
Oct 19 14:52:40 kali kernel: pci 0000:00:18.3: bridge window [io  size 0x1000]: can't assign; no space
Oct 19 14:52:40 kali kernel: pci 0000:00:18.3: bridge window [io  size 0x1000]: failed to assign
Oct 19 14:52:40 kali kernel: pci 0000:00:18.4: bridge window [io  size 0x1000]: can't assign; no space
Oct 19 14:52:40 kali kernel: pci 0000:00:18.4: bridge window [io  size 0x1000]: failed to assign
Oct 19 14:52:40 kali kernel: pci 0000:00:18.5: bridge window [io  size 0x1000]: can't assign; no space
Oct 19 14:52:40 kali kernel: pci 0000:00:18.5: bridge window [io  size 0x1000]: failed to assign
Oct 19 14:52:40 kali kernel: pci 0000:00:18.6: bridge window [io  size 0x1000]: can't assign; no space
Oct 19 14:52:40 kali kernel: pci 0000:00:18.6: bridge window [io  size 0x1000]: failed to assign
Oct 19 14:52:40 kali kernel: pci 0000:00:18.7: bridge window [io  size 0x1000]: can't assign; no space
Oct 19 14:52:40 kali kernel: pci 0000:00:18.7: bridge window [io  size 0x1000]: failed to assign
Oct 19 14:52:40 kali kernel: pci 0000:00:00.7: BAR 0 [io  size 0x0040]: can't assign; no space
Oct 19 14:52:40 kali kernel: pci 0000:00:00.7: BAR 0 [io  size 0x0040]: failed to assign
Oct 19 14:52:40 kali kernel: pci 0000:00:11.0: bridge window [io  size 0x1000]: can't assign; no space
Oct 19 14:52:40 kali kernel: pci 0000:00:11.0: bridge window [io  size 0x1000]: failed to assign
Oct 19 14:52:40 kali kernel: pci 0000:00:15.0: bridge window [io  size 0x1000]: can't assign; no space
Oct 19 14:52:40 kali kernel: pci 0000:00:15.0: bridge window [io  size 0x1000]: failed to assign
Oct 19 14:52:40 kali kernel: pci 0000:00:17.0: bridge window [io  size 0x1000]: can't assign; no space
Oct 19 14:52:40 kali kernel: pci 0000:00:17.0: bridge window [io  size 0x1000]: failed to assign
Oct 19 14:52:40 kali kernel: pci 0000:00:00.7: BAR 0 [io  size 0x0040]: can't assign; no space
Oct 19 14:52:40 kali kernel: pci 0000:00:00.7: BAR 0 [io  size 0x0040]: failed to assign
Oct 19 14:52:40 kali kernel: pci 0000:00:18.7: bridge window [io  size 0x1000]: can't assign; no space
Oct 19 14:52:40 kali kernel: pci 0000:00:18.7: bridge window [io  size 0x1000]: failed to assign
Oct 19 14:52:40 kali kernel: pci 0000:00:18.6: bridge window [io  size 0x1000]: can't assign; no space
Oct 19 14:52:40 kali kernel: pci 0000:00:18.6: bridge window [io  size 0x1000]: failed to assign
Oct 19 14:52:40 kali kernel: pci 0000:00:18.5: bridge window [io  size 0x1000]: can't assign; no space
Oct 19 14:52:40 kali kernel: pci 0000:00:18.5: bridge window [io  size 0x1000]: failed to assign
Oct 19 14:52:40 kali kernel: pci 0000:00:18.4: bridge window [io  size 0x1000]: can't assign; no space
Oct 19 14:52:40 kali kernel: pci 0000:00:18.4: bridge window [io  size 0x1000]: failed to assign
Oct 19 14:52:40 kali kernel: pci 0000:00:18.3: bridge window [io  size 0x1000]: can't assign; no space
Oct 19 14:52:40 kali kernel: pci 0000:00:18.3: bridge window [io  size 0x1000]: failed to assign
Oct 19 14:52:40 kali kernel: pci 0000:00:18.2: bridge window [io  size 0x1000]: can't assign; no space
Oct 19 14:52:40 kali kernel: pci 0000:00:18.2: bridge window [io  size 0x1000]: failed to assign
Oct 19 14:52:40 kali kernel: pci 0000:00:18.1: bridge window [io  size 0x1000]: can't assign; no space
Oct 19 14:52:40 kali kernel: pci 0000:00:18.1: bridge window [io  size 0x1000]: failed to assign
Oct 19 14:52:40 kali kernel: pci 0000:00:18.0: bridge window [io  size 0x1000]: can't assign; no space
Oct 19 14:52:40 kali kernel: pci 0000:00:18.0: bridge window [io  size 0x1000]: failed to assign
Oct 19 14:52:40 kali kernel: pci 0000:00:17.7: bridge window [io  size 0x1000]: can't assign; no space
Oct 19 14:52:40 kali kernel: pci 0000:00:17.7: bridge window [io  size 0x1000]: failed to assign
Oct 19 14:52:40 kali kernel: pci 0000:00:17.6: bridge window [io  size 0x1000]: can't assign; no space
Oct 19 14:52:40 kali kernel: pci 0000:00:17.6: bridge window [io  size 0x1000]: failed to assign
Oct 19 14:52:40 kali kernel: pci 0000:00:17.5: bridge window [io  size 0x1000]: can't assign; no space
Oct 19 14:52:40 kali kernel: pci 0000:00:17.5: bridge window [io  size 0x1000]: failed to assign
Oct 19 14:52:40 kali kernel: pci 0000:00:17.4: bridge window [io  size 0x1000]: can't assign; no space
Oct 19 14:52:40 kali kernel: pci 0000:00:17.4: bridge window [io  size 0x1000]: failed to assign
Oct 19 14:52:40 kali kernel: pci 0000:00:17.3: bridge window [io  size 0x1000]: can't assign; no space
Oct 19 14:52:40 kali kernel: pci 0000:00:17.3: bridge window [io  size 0x1000]: failed to assign
Oct 19 14:52:40 kali kernel: pci 0000:00:17.2: bridge window [io  size 0x1000]: can't assign; no space
Oct 19 14:52:40 kali kernel: pci 0000:00:17.2: bridge window [io  size 0x1000]: failed to assign
Oct 19 14:52:40 kali kernel: pci 0000:00:17.1: bridge window [io  size 0x1000]: can't assign; no space
Oct 19 14:52:40 kali kernel: pci 0000:00:17.1: bridge window [io  size 0x1000]: failed to assign
Oct 19 14:52:40 kali kernel: pci 0000:00:16.7: bridge window [io  size 0x1000]: can't assign; no space
Oct 19 14:52:40 kali kernel: pci 0000:00:16.7: bridge window [io  size 0x1000]: failed to assign
Oct 19 14:52:40 kali kernel: pci 0000:00:16.6: bridge window [io  size 0x1000]: can't assign; no space
Oct 19 14:52:40 kali kernel: pci 0000:00:16.6: bridge window [io  size 0x1000]: failed to assign
Oct 19 14:52:40 kali kernel: pci 0000:00:16.5: bridge window [io  size 0x1000]: can't assign; no space
Oct 19 14:52:40 kali kernel: pci 0000:00:16.5: bridge window [io  size 0x1000]: failed to assign
Oct 19 14:52:40 kali kernel: pci 0000:00:16.4: bridge window [io  size 0x1000]: can't assign; no space
Oct 19 14:52:40 kali kernel: pci 0000:00:16.4: bridge window [io  size 0x1000]: failed to assign
Oct 19 14:52:40 kali kernel: pci 0000:00:16.3: bridge window [io  size 0x1000]: can't assign; no space
Oct 19 14:52:40 kali kernel: pci 0000:00:16.3: bridge window [io  size 0x1000]: failed to assign
Oct 19 14:52:40 kali kernel: pci 0000:00:16.2: bridge window [io  size 0x1000]: can't assign; no space
Oct 19 14:52:40 kali kernel: pci 0000:00:16.2: bridge window [io  size 0x1000]: failed to assign
Oct 19 14:52:40 kali kernel: pci 0000:00:16.1: bridge window [io  size 0x1000]: can't assign; no space
Oct 19 14:52:40 kali kernel: pci 0000:00:16.1: bridge window [io  size 0x1000]: failed to assign
Oct 19 14:52:40 kali kernel: pci 0000:00:16.0: bridge window [io  size 0x1000]: can't assign; no space
Oct 19 14:52:40 kali kernel: pci 0000:00:16.0: bridge window [io  size 0x1000]: failed to assign
Oct 19 14:52:40 kali kernel: pci 0000:00:15.7: bridge window [io  size 0x1000]: can't assign; no space
Oct 19 14:52:40 kali kernel: pci 0000:00:15.7: bridge window [io  size 0x1000]: failed to assign
Oct 19 14:52:40 kali kernel: pci 0000:00:15.6: bridge window [io  size 0x1000]: can't assign; no space
Oct 19 14:52:40 kali kernel: pci 0000:00:15.6: bridge window [io  size 0x1000]: failed to assign
Oct 19 14:52:40 kali kernel: pci 0000:00:15.5: bridge window [io  size 0x1000]: can't assign; no space
Oct 19 14:52:40 kali kernel: pci 0000:00:15.5: bridge window [io  size 0x1000]: failed to assign
Oct 19 14:52:40 kali kernel: pci 0000:00:15.4: bridge window [io  size 0x1000]: can't assign; no space
Oct 19 14:52:40 kali kernel: pci 0000:00:15.4: bridge window [io  size 0x1000]: failed to assign
Oct 19 14:52:40 kali kernel: pci 0000:00:15.3: bridge window [io  size 0x1000]: can't assign; no space
Oct 19 14:52:40 kali kernel: pci 0000:00:15.3: bridge window [io  size 0x1000]: failed to assign
Oct 19 14:52:40 kali kernel: pci 0000:00:15.2: bridge window [io  size 0x1000]: can't assign; no space
Oct 19 14:52:40 kali kernel: pci 0000:00:15.2: bridge window [io  size 0x1000]: failed to assign
Oct 19 14:52:40 kali kernel: pci 0000:00:15.1: bridge window [io  size 0x1000]: can't assign; no space
Oct 19 14:52:40 kali kernel: pci 0000:00:15.1: bridge window [io  size 0x1000]: failed to assign
Oct 19 14:52:40 kali kernel: pci 0000:01:00.0: BAR 4 [io  size 0x0020]: can't assign; no space
Oct 19 14:52:40 kali kernel: pci 0000:01:00.0: BAR 4 [io  size 0x0020]: failed to assign
Oct 19 14:52:40 kali kernel: pci 0000:00:11.0: PCI bridge to [bus 01]
Oct 19 14:52:40 kali kernel: pci 0000:00:11.0:   bridge window [mem 0x3d400000-0x3ddfffff]
Oct 19 14:52:40 kali kernel: pci 0000:00:11.0:   bridge window [mem 0x78000000-0x784fffff 64bit pref]
Oct 19 14:52:40 kali kernel: pci 0000:02:00.0: BAR 2 [io  size 0x0020]: can't assign; no space
Oct 19 14:52:40 kali kernel: pci 0000:02:00.0: BAR 2 [io  size 0x0020]: failed to assign
Oct 19 14:52:40 kali kernel: pci 0000:00:15.0: PCI bridge to [bus 02]
Oct 19 14:52:40 kali kernel: pci 0000:00:15.0:   bridge window [mem 0x3fe00000-0x3fefffff]
Oct 19 14:52:40 kali kernel: pci 0000:00:15.0:   bridge window [mem 0x30000000-0x301fffff 64bit pref]
Oct 19 14:52:40 kali kernel: pci 0000:00:15.1: PCI bridge to [bus 03]
Oct 19 14:52:40 kali kernel: pci 0000:00:15.1:   bridge window [mem 0x3fd00000-0x3fdfffff]
Oct 19 14:52:40 kali kernel: pci 0000:00:15.1:   bridge window [mem 0x7a100000-0x7a1fffff 64bit pref]
Oct 19 14:52:40 kali kernel: pci 0000:00:15.2: PCI bridge to [bus 04]
Oct 19 14:52:40 kali kernel: pci 0000:00:15.2:   bridge window [mem 0x3fc00000-0x3fcfffff]
Oct 19 14:52:40 kali kernel: pci 0000:00:15.2:   bridge window [mem 0x7a000000-0x7a0fffff 64bit pref]
Oct 19 14:52:40 kali kernel: pci 0000:00:15.3: PCI bridge to [bus 05]
Oct 19 14:52:40 kali kernel: pci 0000:00:15.3:   bridge window [mem 0x3fb00000-0x3fbfffff]
Oct 19 14:52:40 kali kernel: pci 0000:00:15.3:   bridge window [mem 0x79f00000-0x79ffffff 64bit pref]
Oct 19 14:52:40 kali kernel: pci 0000:00:15.4: PCI bridge to [bus 06]
Oct 19 14:52:40 kali kernel: pci 0000:00:15.4:   bridge window [mem 0x3fa00000-0x3fafffff]
Oct 19 14:52:40 kali kernel: pci 0000:00:15.4:   bridge window [mem 0x79e00000-0x79efffff 64bit pref]
Oct 19 14:52:40 kali kernel: pci 0000:00:15.5: PCI bridge to [bus 07]
Oct 19 14:52:40 kali kernel: pci 0000:00:15.5:   bridge window [mem 0x3f900000-0x3f9fffff]
Oct 19 14:52:40 kali kernel: pci 0000:00:15.5:   bridge window [mem 0x79d00000-0x79dfffff 64bit pref]
Oct 19 14:52:40 kali kernel: pci 0000:00:15.6: PCI bridge to [bus 08]
Oct 19 14:52:40 kali kernel: pci 0000:00:15.6:   bridge window [mem 0x3f800000-0x3f8fffff]
Oct 19 14:52:40 kali kernel: pci 0000:00:15.6:   bridge window [mem 0x79c00000-0x79cfffff 64bit pref]
Oct 19 14:52:40 kali kernel: pci 0000:00:15.7: PCI bridge to [bus 09]
Oct 19 14:52:40 kali kernel: pci 0000:00:15.7:   bridge window [mem 0x3f700000-0x3f7fffff]
Oct 19 14:52:40 kali kernel: pci 0000:00:15.7:   bridge window [mem 0x79b00000-0x79bfffff 64bit pref]
Oct 19 14:52:40 kali kernel: pci 0000:00:16.0: PCI bridge to [bus 0a]
Oct 19 14:52:40 kali kernel: pci 0000:00:16.0:   bridge window [mem 0x3f600000-0x3f6fffff]
Oct 19 14:52:40 kali kernel: pci 0000:00:16.0:   bridge window [mem 0x30200000-0x303fffff 64bit pref]
Oct 19 14:52:40 kali kernel: pci 0000:00:16.1: PCI bridge to [bus 0b]
Oct 19 14:52:40 kali kernel: pci 0000:00:16.1:   bridge window [mem 0x3f500000-0x3f5fffff]
Oct 19 14:52:40 kali kernel: pci 0000:00:16.1:   bridge window [mem 0x79a00000-0x79afffff 64bit pref]
Oct 19 14:52:40 kali kernel: pci 0000:00:16.2: PCI bridge to [bus 0c]
Oct 19 14:52:40 kali kernel: pci 0000:00:16.2:   bridge window [mem 0x3f400000-0x3f4fffff]
Oct 19 14:52:40 kali kernel: pci 0000:00:16.2:   bridge window [mem 0x79900000-0x799fffff 64bit pref]
Oct 19 14:52:40 kali kernel: pci 0000:00:16.3: PCI bridge to [bus 0d]
Oct 19 14:52:40 kali kernel: pci 0000:00:16.3:   bridge window [mem 0x3f300000-0x3f3fffff]
Oct 19 14:52:40 kali kernel: pci 0000:00:16.3:   bridge window [mem 0x79800000-0x798fffff 64bit pref]
Oct 19 14:52:40 kali kernel: pci 0000:00:16.4: PCI bridge to [bus 0e]
Oct 19 14:52:40 kali kernel: pci 0000:00:16.4:   bridge window [mem 0x3f200000-0x3f2fffff]
Oct 19 14:52:40 kali kernel: pci 0000:00:16.4:   bridge window [mem 0x79700000-0x797fffff 64bit pref]
Oct 19 14:52:40 kali kernel: pci 0000:00:16.5: PCI bridge to [bus 0f]
Oct 19 14:52:40 kali kernel: pci 0000:00:16.5:   bridge window [mem 0x3f100000-0x3f1fffff]
Oct 19 14:52:40 kali kernel: pci 0000:00:16.5:   bridge window [mem 0x79600000-0x796fffff 64bit pref]
Oct 19 14:52:40 kali kernel: pci 0000:00:16.6: PCI bridge to [bus 10]
Oct 19 14:52:40 kali kernel: pci 0000:00:16.6:   bridge window [mem 0x3f000000-0x3f0fffff]
Oct 19 14:52:40 kali kernel: pci 0000:00:16.6:   bridge window [mem 0x79500000-0x795fffff 64bit pref]
Oct 19 14:52:40 kali kernel: pci 0000:00:16.7: PCI bridge to [bus 11]
Oct 19 14:52:40 kali kernel: pci 0000:00:16.7:   bridge window [mem 0x3ef00000-0x3effffff]
Oct 19 14:52:40 kali kernel: pci 0000:00:16.7:   bridge window [mem 0x79400000-0x794fffff 64bit pref]
Oct 19 14:52:40 kali kernel: pci 0000:12:00.0: BAR 2 [io  size 0x0008]: can't assign; no space
Oct 19 14:52:40 kali kernel: pci 0000:12:00.0: BAR 2 [io  size 0x0008]: failed to assign
Oct 19 14:52:40 kali kernel: pci 0000:00:17.0: PCI bridge to [bus 12]
Oct 19 14:52:40 kali kernel: pci 0000:00:17.0:   bridge window [mem 0x3ee00000-0x3eefffff]
Oct 19 14:52:40 kali kernel: pci 0000:00:17.0:   bridge window [mem 0x30400000-0x305fffff 64bit pref]
Oct 19 14:52:40 kali kernel: pci 0000:00:17.1: PCI bridge to [bus 13]
Oct 19 14:52:40 kali kernel: pci 0000:00:17.1:   bridge window [mem 0x3ed00000-0x3edfffff]
Oct 19 14:52:40 kali kernel: pci 0000:00:17.1:   bridge window [mem 0x79300000-0x793fffff 64bit pref]
Oct 19 14:52:40 kali kernel: pci 0000:00:17.2: PCI bridge to [bus 14]
Oct 19 14:52:40 kali kernel: pci 0000:00:17.2:   bridge window [mem 0x3ec00000-0x3ecfffff]
Oct 19 14:52:40 kali kernel: pci 0000:00:17.2:   bridge window [mem 0x79200000-0x792fffff 64bit pref]
Oct 19 14:52:40 kali kernel: pci 0000:00:17.3: PCI bridge to [bus 15]
Oct 19 14:52:40 kali kernel: pci 0000:00:17.3:   bridge window [mem 0x3eb00000-0x3ebfffff]
Oct 19 14:52:40 kali kernel: pci 0000:00:17.3:   bridge window [mem 0x79100000-0x791fffff 64bit pref]
Oct 19 14:52:40 kali kernel: pci 0000:00:17.4: PCI bridge to [bus 16]
Oct 19 14:52:40 kali kernel: pci 0000:00:17.4:   bridge window [mem 0x3ea00000-0x3eafffff]
Oct 19 14:52:40 kali kernel: pci 0000:00:17.4:   bridge window [mem 0x79000000-0x790fffff 64bit pref]
Oct 19 14:52:40 kali kernel: pci 0000:00:17.5: PCI bridge to [bus 17]
Oct 19 14:52:40 kali kernel: pci 0000:00:17.5:   bridge window [mem 0x3e900000-0x3e9fffff]
Oct 19 14:52:40 kali kernel: pci 0000:00:17.5:   bridge window [mem 0x78f00000-0x78ffffff 64bit pref]
Oct 19 14:52:40 kali kernel: pci 0000:00:17.6: PCI bridge to [bus 18]
Oct 19 14:52:40 kali kernel: pci 0000:00:17.6:   bridge window [mem 0x3e800000-0x3e8fffff]
Oct 19 14:52:40 kali kernel: pci 0000:00:17.6:   bridge window [mem 0x78e00000-0x78efffff 64bit pref]
Oct 19 14:52:40 kali kernel: pci 0000:00:17.7: PCI bridge to [bus 19]
Oct 19 14:52:40 kali kernel: pci 0000:00:17.7:   bridge window [mem 0x3e700000-0x3e7fffff]
Oct 19 14:52:40 kali kernel: pci 0000:00:17.7:   bridge window [mem 0x78d00000-0x78dfffff 64bit pref]
Oct 19 14:52:40 kali kernel: pci 0000:00:18.0: PCI bridge to [bus 1a]
Oct 19 14:52:40 kali kernel: pci 0000:00:18.0:   bridge window [mem 0x3e600000-0x3e6fffff]
Oct 19 14:52:40 kali kernel: pci 0000:00:18.0:   bridge window [mem 0x78c00000-0x78cfffff 64bit pref]
Oct 19 14:52:40 kali kernel: pci 0000:00:18.1: PCI bridge to [bus 1b]
Oct 19 14:52:40 kali kernel: pci 0000:00:18.1:   bridge window [mem 0x3e500000-0x3e5fffff]
Oct 19 14:52:40 kali kernel: pci 0000:00:18.1:   bridge window [mem 0x78b00000-0x78bfffff 64bit pref]
Oct 19 14:52:40 kali kernel: pci 0000:00:18.2: PCI bridge to [bus 1c]
Oct 19 14:52:40 kali kernel: pci 0000:00:18.2:   bridge window [mem 0x3e400000-0x3e4fffff]
Oct 19 14:52:40 kali kernel: pci 0000:00:18.2:   bridge window [mem 0x78a00000-0x78afffff 64bit pref]
Oct 19 14:52:40 kali kernel: pci 0000:00:18.3: PCI bridge to [bus 1d]
Oct 19 14:52:40 kali kernel: pci 0000:00:18.3:   bridge window [mem 0x3e300000-0x3e3fffff]
Oct 19 14:52:40 kali kernel: pci 0000:00:18.3:   bridge window [mem 0x78900000-0x789fffff 64bit pref]
Oct 19 14:52:40 kali kernel: pci 0000:00:18.4: PCI bridge to [bus 1e]
Oct 19 14:52:40 kali kernel: pci 0000:00:18.4:   bridge window [mem 0x3e200000-0x3e2fffff]
Oct 19 14:52:40 kali kernel: pci 0000:00:18.4:   bridge window [mem 0x78800000-0x788fffff 64bit pref]
Oct 19 14:52:40 kali kernel: pci 0000:00:18.5: PCI bridge to [bus 1f]
Oct 19 14:52:40 kali kernel: pci 0000:00:18.5:   bridge window [mem 0x3e100000-0x3e1fffff]
Oct 19 14:52:40 kali kernel: pci 0000:00:18.5:   bridge window [mem 0x78700000-0x787fffff 64bit pref]
Oct 19 14:52:40 kali kernel: pci 0000:00:18.6: PCI bridge to [bus 20]
Oct 19 14:52:40 kali kernel: pci 0000:00:18.6:   bridge window [mem 0x3e000000-0x3e0fffff]
Oct 19 14:52:40 kali kernel: pci 0000:00:18.6:   bridge window [mem 0x78600000-0x786fffff 64bit pref]
Oct 19 14:52:40 kali kernel: pci 0000:00:18.7: PCI bridge to [bus 21]
Oct 19 14:52:40 kali kernel: pci 0000:00:18.7:   bridge window [mem 0x3df00000-0x3dffffff]
Oct 19 14:52:40 kali kernel: pci 0000:00:18.7:   bridge window [mem 0x78500000-0x785fffff 64bit pref]
Oct 19 14:52:40 kali kernel: pci_bus 0000:00: resource 4 [mem 0x30000000-0x3ffeffff window]
Oct 19 14:52:40 kali kernel: pci_bus 0000:00: resource 5 [mem 0x50000000-0x7fffffff window]
Oct 19 14:52:40 kali kernel: pci_bus 0000:01: resource 1 [mem 0x3d400000-0x3ddfffff]
Oct 19 14:52:40 kali kernel: pci_bus 0000:01: resource 2 [mem 0x78000000-0x784fffff 64bit pref]
Oct 19 14:52:40 kali kernel: pci_bus 0000:01: resource 4 [mem 0x30000000-0x3ffeffff window]
Oct 19 14:52:40 kali kernel: pci_bus 0000:01: resource 5 [mem 0x50000000-0x7fffffff window]
Oct 19 14:52:40 kali kernel: pci_bus 0000:02: resource 1 [mem 0x3fe00000-0x3fefffff]
Oct 19 14:52:40 kali kernel: pci_bus 0000:02: resource 2 [mem 0x30000000-0x301fffff 64bit pref]
Oct 19 14:52:40 kali kernel: pci_bus 0000:03: resource 1 [mem 0x3fd00000-0x3fdfffff]
Oct 19 14:52:40 kali kernel: pci_bus 0000:03: resource 2 [mem 0x7a100000-0x7a1fffff 64bit pref]
Oct 19 14:52:40 kali kernel: pci_bus 0000:04: resource 1 [mem 0x3fc00000-0x3fcfffff]
Oct 19 14:52:40 kali kernel: pci_bus 0000:04: resource 2 [mem 0x7a000000-0x7a0fffff 64bit pref]
Oct 19 14:52:40 kali kernel: pci_bus 0000:05: resource 1 [mem 0x3fb00000-0x3fbfffff]
Oct 19 14:52:40 kali kernel: pci_bus 0000:05: resource 2 [mem 0x79f00000-0x79ffffff 64bit pref]
Oct 19 14:52:40 kali kernel: pci_bus 0000:06: resource 1 [mem 0x3fa00000-0x3fafffff]
Oct 19 14:52:40 kali kernel: pci_bus 0000:06: resource 2 [mem 0x79e00000-0x79efffff 64bit pref]
Oct 19 14:52:40 kali kernel: pci_bus 0000:07: resource 1 [mem 0x3f900000-0x3f9fffff]
Oct 19 14:52:40 kali kernel: pci_bus 0000:07: resource 2 [mem 0x79d00000-0x79dfffff 64bit pref]
Oct 19 14:52:40 kali kernel: pci_bus 0000:08: resource 1 [mem 0x3f800000-0x3f8fffff]
Oct 19 14:52:40 kali kernel: pci_bus 0000:08: resource 2 [mem 0x79c00000-0x79cfffff 64bit pref]
Oct 19 14:52:40 kali kernel: pci_bus 0000:09: resource 1 [mem 0x3f700000-0x3f7fffff]
Oct 19 14:52:40 kali kernel: pci_bus 0000:09: resource 2 [mem 0x79b00000-0x79bfffff 64bit pref]
Oct 19 14:52:40 kali kernel: pci_bus 0000:0a: resource 1 [mem 0x3f600000-0x3f6fffff]
Oct 19 14:52:40 kali kernel: pci_bus 0000:0a: resource 2 [mem 0x30200000-0x303fffff 64bit pref]
Oct 19 14:52:40 kali kernel: pci_bus 0000:0b: resource 1 [mem 0x3f500000-0x3f5fffff]
Oct 19 14:52:40 kali kernel: pci_bus 0000:0b: resource 2 [mem 0x79a00000-0x79afffff 64bit pref]
Oct 19 14:52:40 kali kernel: pci_bus 0000:0c: resource 1 [mem 0x3f400000-0x3f4fffff]
Oct 19 14:52:40 kali kernel: pci_bus 0000:0c: resource 2 [mem 0x79900000-0x799fffff 64bit pref]
Oct 19 14:52:40 kali kernel: pci_bus 0000:0d: resource 1 [mem 0x3f300000-0x3f3fffff]
Oct 19 14:52:40 kali kernel: pci_bus 0000:0d: resource 2 [mem 0x79800000-0x798fffff 64bit pref]
Oct 19 14:52:40 kali kernel: pci_bus 0000:0e: resource 1 [mem 0x3f200000-0x3f2fffff]
Oct 19 14:52:40 kali kernel: pci_bus 0000:0e: resource 2 [mem 0x79700000-0x797fffff 64bit pref]
Oct 19 14:52:40 kali kernel: pci_bus 0000:0f: resource 1 [mem 0x3f100000-0x3f1fffff]
Oct 19 14:52:40 kali kernel: pci_bus 0000:0f: resource 2 [mem 0x79600000-0x796fffff 64bit pref]
Oct 19 14:52:40 kali kernel: pci_bus 0000:10: resource 1 [mem 0x3f000000-0x3f0fffff]
Oct 19 14:52:40 kali kernel: pci_bus 0000:10: resource 2 [mem 0x79500000-0x795fffff 64bit pref]
Oct 19 14:52:40 kali kernel: pci_bus 0000:11: resource 1 [mem 0x3ef00000-0x3effffff]
Oct 19 14:52:40 kali kernel: pci_bus 0000:11: resource 2 [mem 0x79400000-0x794fffff 64bit pref]
Oct 19 14:52:40 kali kernel: pci_bus 0000:12: resource 1 [mem 0x3ee00000-0x3eefffff]
Oct 19 14:52:40 kali kernel: pci_bus 0000:12: resource 2 [mem 0x30400000-0x305fffff 64bit pref]
Oct 19 14:52:40 kali kernel: pci_bus 0000:13: resource 1 [mem 0x3ed00000-0x3edfffff]
Oct 19 14:52:40 kali kernel: pci_bus 0000:13: resource 2 [mem 0x79300000-0x793fffff 64bit pref]
Oct 19 14:52:40 kali kernel: pci_bus 0000:14: resource 1 [mem 0x3ec00000-0x3ecfffff]
Oct 19 14:52:40 kali kernel: pci_bus 0000:14: resource 2 [mem 0x79200000-0x792fffff 64bit pref]
Oct 19 14:52:40 kali kernel: pci_bus 0000:15: resource 1 [mem 0x3eb00000-0x3ebfffff]
Oct 19 14:52:40 kali kernel: pci_bus 0000:15: resource 2 [mem 0x79100000-0x791fffff 64bit pref]
Oct 19 14:52:40 kali kernel: pci_bus 0000:16: resource 1 [mem 0x3ea00000-0x3eafffff]
Oct 19 14:52:40 kali kernel: pci_bus 0000:16: resource 2 [mem 0x79000000-0x790fffff 64bit pref]
Oct 19 14:52:40 kali kernel: pci_bus 0000:17: resource 1 [mem 0x3e900000-0x3e9fffff]
Oct 19 14:52:40 kali kernel: pci_bus 0000:17: resource 2 [mem 0x78f00000-0x78ffffff 64bit pref]
Oct 19 14:52:40 kali kernel: pci_bus 0000:18: resource 1 [mem 0x3e800000-0x3e8fffff]
Oct 19 14:52:40 kali kernel: pci_bus 0000:18: resource 2 [mem 0x78e00000-0x78efffff 64bit pref]
Oct 19 14:52:40 kali kernel: pci_bus 0000:19: resource 1 [mem 0x3e700000-0x3e7fffff]
Oct 19 14:52:40 kali kernel: pci_bus 0000:19: resource 2 [mem 0x78d00000-0x78dfffff 64bit pref]
Oct 19 14:52:40 kali kernel: pci_bus 0000:1a: resource 1 [mem 0x3e600000-0x3e6fffff]
Oct 19 14:52:40 kali kernel: pci_bus 0000:1a: resource 2 [mem 0x78c00000-0x78cfffff 64bit pref]
Oct 19 14:52:40 kali kernel: pci_bus 0000:1b: resource 1 [mem 0x3e500000-0x3e5fffff]
Oct 19 14:52:40 kali kernel: pci_bus 0000:1b: resource 2 [mem 0x78b00000-0x78bfffff 64bit pref]
Oct 19 14:52:40 kali kernel: pci_bus 0000:1c: resource 1 [mem 0x3e400000-0x3e4fffff]
Oct 19 14:52:40 kali kernel: pci_bus 0000:1c: resource 2 [mem 0x78a00000-0x78afffff 64bit pref]
Oct 19 14:52:40 kali kernel: pci_bus 0000:1d: resource 1 [mem 0x3e300000-0x3e3fffff]
Oct 19 14:52:40 kali kernel: pci_bus 0000:1d: resource 2 [mem 0x78900000-0x789fffff 64bit pref]
Oct 19 14:52:40 kali kernel: pci_bus 0000:1e: resource 1 [mem 0x3e200000-0x3e2fffff]
Oct 19 14:52:40 kali kernel: pci_bus 0000:1e: resource 2 [mem 0x78800000-0x788fffff 64bit pref]
Oct 19 14:52:40 kali kernel: pci_bus 0000:1f: resource 1 [mem 0x3e100000-0x3e1fffff]
Oct 19 14:52:40 kali kernel: pci_bus 0000:1f: resource 2 [mem 0x78700000-0x787fffff 64bit pref]
Oct 19 14:52:40 kali kernel: pci_bus 0000:20: resource 1 [mem 0x3e000000-0x3e0fffff]
Oct 19 14:52:40 kali kernel: pci_bus 0000:20: resource 2 [mem 0x78600000-0x786fffff 64bit pref]
Oct 19 14:52:40 kali kernel: pci_bus 0000:21: resource 1 [mem 0x3df00000-0x3dffffff]
Oct 19 14:52:40 kali kernel: pci_bus 0000:21: resource 2 [mem 0x78500000-0x785fffff 64bit pref]
Oct 19 14:52:40 kali kernel: ACPI: CPU0 has been hot-added
Oct 19 14:52:40 kali kernel: ACPI: CPU1 has been hot-added
Oct 19 14:52:40 kali kernel: ACPI: CPU2 has been hot-added
Oct 19 14:52:40 kali kernel: ACPI: CPU3 has been hot-added
Oct 19 14:52:40 kali kernel: ACPI: CPU4 has been hot-added
Oct 19 14:52:40 kali kernel: iommu: Default domain type: Translated
Oct 19 14:52:40 kali kernel: iommu: DMA domain TLB invalidation policy: strict mode
Oct 19 14:52:40 kali kernel: pps_core: LinuxPPS API ver. 1 registered
Oct 19 14:52:40 kali kernel: pps_core: Software ver. 5.3.6 - Copyright 2005-2007 Rodolfo Giometti <giometti@linux.it>
Oct 19 14:52:40 kali kernel: PTP clock support registered
Oct 19 14:52:40 kali kernel: EDAC MC: Ver: 3.0.0
Oct 19 14:52:40 kali kernel: scmi_core: SCMI protocol bus registered
Oct 19 14:52:40 kali kernel: efivars: Registered efivars operations
Oct 19 14:52:40 kali kernel: NetLabel: Initializing
Oct 19 14:52:40 kali kernel: NetLabel:  domain hash size = 128
Oct 19 14:52:40 kali kernel: NetLabel:  protocols = UNLABELED CIPSOv4 CALIPSO
Oct 19 14:52:40 kali kernel: NetLabel:  unlabeled traffic allowed by default
Oct 19 14:52:40 kali kernel: pci 0000:00:0f.0: vgaarb: setting as boot VGA device
Oct 19 14:52:40 kali kernel: pci 0000:00:0f.0: vgaarb: bridge control possible
Oct 19 14:52:40 kali kernel: pci 0000:00:0f.0: vgaarb: VGA device added: decodes=io+mem,owns=io+mem,locks=none
Oct 19 14:52:40 kali kernel: vgaarb: loaded
Oct 19 14:52:40 kali kernel: clocksource: Switched to clocksource arch_sys_counter
Oct 19 14:52:40 kali kernel: VFS: Disk quotas dquot_6.6.0
Oct 19 14:52:40 kali kernel: VFS: Dquot-cache hash table entries: 512 (order 0, 4096 bytes)
Oct 19 14:52:40 kali kernel: AppArmor: AppArmor Filesystem Enabled
Oct 19 14:52:40 kali kernel: pnp: PnP ACPI init
Oct 19 14:52:40 kali kernel: system 00:00: [mem 0x40000000-0x4fffffff window] could not be reserved
Oct 19 14:52:40 kali kernel: pnp: PnP ACPI: found 1 devices
Oct 19 14:52:40 kali kernel: NET: Registered PF_INET protocol family
Oct 19 14:52:40 kali kernel: IP idents hash table entries: 262144 (order: 9, 2097152 bytes, linear)
Oct 19 14:52:40 kali kernel: tcp_listen_portaddr_hash hash table entries: 16384 (order: 6, 262144 bytes, linear)
Oct 19 14:52:40 kali kernel: Table-perturb hash table entries: 65536 (order: 6, 262144 bytes, linear)
Oct 19 14:52:40 kali kernel: TCP established hash table entries: 262144 (order: 9, 2097152 bytes, linear)
Oct 19 14:52:40 kali kernel: TCP bind hash table entries: 65536 (order: 9, 2097152 bytes, linear)
Oct 19 14:52:40 kali kernel: TCP: Hash tables configured (established 262144 bind 65536)
Oct 19 14:52:40 kali kernel: MPTCP token hash table entries: 32768 (order: 7, 786432 bytes, linear)
Oct 19 14:52:40 kali kernel: UDP hash table entries: 16384 (order: 7, 524288 bytes, linear)
Oct 19 14:52:40 kali kernel: UDP-Lite hash table entries: 16384 (order: 7, 524288 bytes, linear)
Oct 19 14:52:40 kali kernel: NET: Registered PF_UNIX/PF_LOCAL protocol family
Oct 19 14:52:40 kali kernel: NET: Registered PF_XDP protocol family
Oct 19 14:52:40 kali kernel: pci 0000:01:01.0: CLS mismatch (32 != 256), using 64 bytes
Oct 19 14:52:40 kali kernel: pci 0000:0a:00.0: enabling device (0000 -> 0002)
Oct 19 14:52:40 kali kernel: Trying to unpack rootfs image as initramfs...
Oct 19 14:52:40 kali kernel: kvm [1]: HYP mode not available
Oct 19 14:52:40 kali kernel: Initialise system trusted keyrings
Oct 19 14:52:40 kali kernel: Key type blacklist registered
Oct 19 14:52:40 kali kernel: workingset: timestamp_bits=42 max_order=23 bucket_order=0
Oct 19 14:52:40 kali kernel: zbud: loaded
Oct 19 14:52:40 kali kernel: fuse: init (API version 7.41)
Oct 19 14:52:40 kali kernel: integrity: Platform Keyring initialized
Oct 19 14:52:40 kali kernel: integrity: Machine keyring initialized
Oct 19 14:52:40 kali kernel: Key type asymmetric registered
Oct 19 14:52:40 kali kernel: Asymmetric key parser 'x509' registered
Oct 19 14:52:40 kali kernel: Freeing initrd memory: 112492K
Oct 19 14:52:40 kali kernel: Block layer SCSI generic (bsg) driver version 0.4 loaded (major 245)
Oct 19 14:52:40 kali kernel: io scheduler mq-deadline registered
Oct 19 14:52:40 kali kernel: ledtrig-cpu: registered to indicate activity on CPUs
Oct 19 14:52:40 kali kernel: pcieport 0000:00:15.0: PME: Signaling with IRQ 12
Oct 19 14:52:40 kali kernel: pcieport 0000:00:15.0: pciehp: Slot #160 AttnBtn+ PwrCtrl+ MRL- AttnInd- PwrInd- HotPlug+ Surprise- Interlock- NoCompl+ IbPresDis- LLActRep+
Oct 19 14:52:40 kali kernel: pcieport 0000:00:15.1: PME: Signaling with IRQ 13
Oct 19 14:52:40 kali kernel: pcieport 0000:00:15.1: pciehp: Slot #161 AttnBtn+ PwrCtrl+ MRL- AttnInd- PwrInd- HotPlug+ Surprise- Interlock- NoCompl+ IbPresDis- LLActRep+
Oct 19 14:52:40 kali kernel: pcieport 0000:00:15.2: PME: Signaling with IRQ 14
Oct 19 14:52:40 kali kernel: pcieport 0000:00:15.2: pciehp: Slot #162 AttnBtn+ PwrCtrl+ MRL- AttnInd- PwrInd- HotPlug+ Surprise- Interlock- NoCompl+ IbPresDis- LLActRep+
Oct 19 14:52:40 kali kernel: pcieport 0000:00:15.3: PME: Signaling with IRQ 15
Oct 19 14:52:40 kali kernel: pcieport 0000:00:15.3: pciehp: Slot #163 AttnBtn+ PwrCtrl+ MRL- AttnInd- PwrInd- HotPlug+ Surprise- Interlock- NoCompl+ IbPresDis- LLActRep+
Oct 19 14:52:40 kali kernel: pcieport 0000:00:15.4: PME: Signaling with IRQ 16
Oct 19 14:52:40 kali kernel: pcieport 0000:00:15.4: pciehp: Slot #164 AttnBtn+ PwrCtrl+ MRL- AttnInd- PwrInd- HotPlug+ Surprise- Interlock- NoCompl+ IbPresDis- LLActRep+
Oct 19 14:52:40 kali kernel: pcieport 0000:00:15.5: PME: Signaling with IRQ 17
Oct 19 14:52:40 kali kernel: pcieport 0000:00:15.5: pciehp: Slot #165 AttnBtn+ PwrCtrl+ MRL- AttnInd- PwrInd- HotPlug+ Surprise- Interlock- NoCompl+ IbPresDis- LLActRep+
Oct 19 14:52:40 kali kernel: pcieport 0000:00:15.6: PME: Signaling with IRQ 18
Oct 19 14:52:40 kali kernel: pcieport 0000:00:15.6: pciehp: Slot #166 AttnBtn+ PwrCtrl+ MRL- AttnInd- PwrInd- HotPlug+ Surprise- Interlock- NoCompl+ IbPresDis- LLActRep+
Oct 19 14:52:40 kali kernel: pcieport 0000:00:15.7: PME: Signaling with IRQ 19
Oct 19 14:52:40 kali kernel: pcieport 0000:00:15.7: pciehp: Slot #167 AttnBtn+ PwrCtrl+ MRL- AttnInd- PwrInd- HotPlug+ Surprise- Interlock- NoCompl+ IbPresDis- LLActRep+
Oct 19 14:52:40 kali kernel: pcieport 0000:00:16.0: PME: Signaling with IRQ 20
Oct 19 14:52:40 kali kernel: pcieport 0000:00:16.0: pciehp: Slot #192 AttnBtn+ PwrCtrl+ MRL- AttnInd- PwrInd- HotPlug+ Surprise- Interlock- NoCompl+ IbPresDis- LLActRep+
Oct 19 14:52:40 kali kernel: pcieport 0000:00:16.1: PME: Signaling with IRQ 21
Oct 19 14:52:40 kali kernel: pcieport 0000:00:16.1: pciehp: Slot #193 AttnBtn+ PwrCtrl+ MRL- AttnInd- PwrInd- HotPlug+ Surprise- Interlock- NoCompl+ IbPresDis- LLActRep+
Oct 19 14:52:40 kali kernel: pcieport 0000:00:16.2: PME: Signaling with IRQ 22
Oct 19 14:52:40 kali kernel: pcieport 0000:00:16.2: pciehp: Slot #194 AttnBtn+ PwrCtrl+ MRL- AttnInd- PwrInd- HotPlug+ Surprise- Interlock- NoCompl+ IbPresDis- LLActRep+
Oct 19 14:52:40 kali kernel: pcieport 0000:00:16.3: PME: Signaling with IRQ 23
Oct 19 14:52:40 kali kernel: pcieport 0000:00:16.3: pciehp: Slot #195 AttnBtn+ PwrCtrl+ MRL- AttnInd- PwrInd- HotPlug+ Surprise- Interlock- NoCompl+ IbPresDis- LLActRep+
Oct 19 14:52:40 kali kernel: pcieport 0000:00:16.4: PME: Signaling with IRQ 24
Oct 19 14:52:40 kali kernel: pcieport 0000:00:16.4: pciehp: Slot #196 AttnBtn+ PwrCtrl+ MRL- AttnInd- PwrInd- HotPlug+ Surprise- Interlock- NoCompl+ IbPresDis- LLActRep+
Oct 19 14:52:40 kali kernel: pcieport 0000:00:16.5: PME: Signaling with IRQ 25
Oct 19 14:52:40 kali kernel: pcieport 0000:00:16.5: pciehp: Slot #197 AttnBtn+ PwrCtrl+ MRL- AttnInd- PwrInd- HotPlug+ Surprise- Interlock- NoCompl+ IbPresDis- LLActRep+
Oct 19 14:52:40 kali kernel: pcieport 0000:00:16.6: PME: Signaling with IRQ 26
Oct 19 14:52:40 kali kernel: pcieport 0000:00:16.6: pciehp: Slot #198 AttnBtn+ PwrCtrl+ MRL- AttnInd- PwrInd- HotPlug+ Surprise- Interlock- NoCompl+ IbPresDis- LLActRep+
Oct 19 14:52:40 kali kernel: pcieport 0000:00:16.7: PME: Signaling with IRQ 27
Oct 19 14:52:40 kali kernel: pcieport 0000:00:16.7: pciehp: Slot #199 AttnBtn+ PwrCtrl+ MRL- AttnInd- PwrInd- HotPlug+ Surprise- Interlock- NoCompl+ IbPresDis- LLActRep+
Oct 19 14:52:40 kali kernel: pcieport 0000:00:17.0: PME: Signaling with IRQ 28
Oct 19 14:52:40 kali kernel: pcieport 0000:00:17.0: pciehp: Slot #224 AttnBtn+ PwrCtrl+ MRL- AttnInd- PwrInd- HotPlug+ Surprise- Interlock- NoCompl+ IbPresDis- LLActRep+
Oct 19 14:52:40 kali kernel: pcieport 0000:00:17.1: PME: Signaling with IRQ 29
Oct 19 14:52:40 kali kernel: pcieport 0000:00:17.1: pciehp: Slot #225 AttnBtn+ PwrCtrl+ MRL- AttnInd- PwrInd- HotPlug+ Surprise- Interlock- NoCompl+ IbPresDis- LLActRep+
Oct 19 14:52:40 kali kernel: pcieport 0000:00:17.2: PME: Signaling with IRQ 30
Oct 19 14:52:40 kali kernel: pcieport 0000:00:17.2: pciehp: Slot #226 AttnBtn+ PwrCtrl+ MRL- AttnInd- PwrInd- HotPlug+ Surprise- Interlock- NoCompl+ IbPresDis- LLActRep+
Oct 19 14:52:40 kali kernel: pcieport 0000:00:17.3: PME: Signaling with IRQ 31
Oct 19 14:52:40 kali kernel: pcieport 0000:00:17.3: pciehp: Slot #227 AttnBtn+ PwrCtrl+ MRL- AttnInd- PwrInd- HotPlug+ Surprise- Interlock- NoCompl+ IbPresDis- LLActRep+
Oct 19 14:52:40 kali kernel: pcieport 0000:00:17.4: PME: Signaling with IRQ 32
Oct 19 14:52:40 kali kernel: pcieport 0000:00:17.4: pciehp: Slot #228 AttnBtn+ PwrCtrl+ MRL- AttnInd- PwrInd- HotPlug+ Surprise- Interlock- NoCompl+ IbPresDis- LLActRep+
Oct 19 14:52:40 kali kernel: pcieport 0000:00:17.5: PME: Signaling with IRQ 33
Oct 19 14:52:40 kali kernel: pcieport 0000:00:17.5: pciehp: Slot #229 AttnBtn+ PwrCtrl+ MRL- AttnInd- PwrInd- HotPlug+ Surprise- Interlock- NoCompl+ IbPresDis- LLActRep+
Oct 19 14:52:40 kali kernel: pcieport 0000:00:17.6: PME: Signaling with IRQ 34
Oct 19 14:52:40 kali kernel: pcieport 0000:00:17.6: pciehp: Slot #230 AttnBtn+ PwrCtrl+ MRL- AttnInd- PwrInd- HotPlug+ Surprise- Interlock- NoCompl+ IbPresDis- LLActRep+
Oct 19 14:52:40 kali kernel: pcieport 0000:00:17.7: PME: Signaling with IRQ 35
Oct 19 14:52:40 kali kernel: pcieport 0000:00:17.7: pciehp: Slot #231 AttnBtn+ PwrCtrl+ MRL- AttnInd- PwrInd- HotPlug+ Surprise- Interlock- NoCompl+ IbPresDis- LLActRep+
Oct 19 14:52:40 kali kernel: pcieport 0000:00:18.0: PME: Signaling with IRQ 36
Oct 19 14:52:40 kali kernel: pcieport 0000:00:18.0: pciehp: Slot #256 AttnBtn+ PwrCtrl+ MRL- AttnInd- PwrInd- HotPlug+ Surprise- Interlock- NoCompl+ IbPresDis- LLActRep+
Oct 19 14:52:40 kali kernel: pcieport 0000:00:18.1: PME: Signaling with IRQ 37
Oct 19 14:52:40 kali kernel: pcieport 0000:00:18.1: pciehp: Slot #257 AttnBtn+ PwrCtrl+ MRL- AttnInd- PwrInd- HotPlug+ Surprise- Interlock- NoCompl+ IbPresDis- LLActRep+
Oct 19 14:52:40 kali kernel: pcieport 0000:00:18.2: PME: Signaling with IRQ 38
Oct 19 14:52:40 kali kernel: pcieport 0000:00:18.2: pciehp: Slot #258 AttnBtn+ PwrCtrl+ MRL- AttnInd- PwrInd- HotPlug+ Surprise- Interlock- NoCompl+ IbPresDis- LLActRep+
Oct 19 14:52:40 kali kernel: pcieport 0000:00:18.3: PME: Signaling with IRQ 39
Oct 19 14:52:40 kali kernel: pcieport 0000:00:18.3: pciehp: Slot #259 AttnBtn+ PwrCtrl+ MRL- AttnInd- PwrInd- HotPlug+ Surprise- Interlock- NoCompl+ IbPresDis- LLActRep+
Oct 19 14:52:40 kali kernel: pcieport 0000:00:18.4: PME: Signaling with IRQ 40
Oct 19 14:52:40 kali kernel: pcieport 0000:00:18.4: pciehp: Slot #260 AttnBtn+ PwrCtrl+ MRL- AttnInd- PwrInd- HotPlug+ Surprise- Interlock- NoCompl+ IbPresDis- LLActRep+
Oct 19 14:52:40 kali kernel: pcieport 0000:00:18.5: PME: Signaling with IRQ 41
Oct 19 14:52:40 kali kernel: pcieport 0000:00:18.5: pciehp: Slot #261 AttnBtn+ PwrCtrl+ MRL- AttnInd- PwrInd- HotPlug+ Surprise- Interlock- NoCompl+ IbPresDis- LLActRep+
Oct 19 14:52:40 kali kernel: pcieport 0000:00:18.6: PME: Signaling with IRQ 42
Oct 19 14:52:40 kali kernel: pcieport 0000:00:18.6: pciehp: Slot #262 AttnBtn+ PwrCtrl+ MRL- AttnInd- PwrInd- HotPlug+ Surprise- Interlock- NoCompl+ IbPresDis- LLActRep+
Oct 19 14:52:40 kali kernel: pcieport 0000:00:18.7: PME: Signaling with IRQ 43
Oct 19 14:52:40 kali kernel: pcieport 0000:00:18.7: pciehp: Slot #263 AttnBtn+ PwrCtrl+ MRL- AttnInd- PwrInd- HotPlug+ Surprise- Interlock- NoCompl+ IbPresDis- LLActRep+
Oct 19 14:52:40 kali kernel: shpchp: Standard Hot Plug PCI Controller Driver version: 0.4
Oct 19 14:52:40 kali kernel: Serial: 8250/16550 driver, 4 ports, IRQ sharing enabled
Oct 19 14:52:40 kali kernel: Serial: AMBA driver
Oct 19 14:52:40 kali kernel: msm_serial: driver initialized
Oct 19 14:52:40 kali kernel: SuperH (H)SCI(F) driver initialized
Oct 19 14:52:40 kali kernel: mousedev: PS/2 mouse device common for all mice
Oct 19 14:52:40 kali kernel: rtc-efi rtc-efi.0: registered as rtc0
Oct 19 14:52:40 kali kernel: rtc-efi rtc-efi.0: setting system clock to 2025-10-19T11:52:38 UTC (1760874758)
Oct 19 14:52:40 kali kernel: efifb: probing for efifb
Oct 19 14:52:40 kali kernel: efifb: framebuffer at 0x70000000, using 3600k, total 3600k
Oct 19 14:52:40 kali kernel: efifb: mode is 1280x720x32, linelength=5120, pages=1
Oct 19 14:52:40 kali kernel: efifb: scrolling: redraw
Oct 19 14:52:40 kali kernel: efifb: Truecolor: size=8:8:8:8, shift=24:16:8:0
Oct 19 14:52:40 kali kernel: Console: switching to colour frame buffer device 160x45
Oct 19 14:52:40 kali kernel: fb0: EFI VGA frame buffer device
Oct 19 14:52:40 kali kernel: NET: Registered PF_INET6 protocol family
Oct 19 14:52:40 kali kernel: Segment Routing with IPv6
Oct 19 14:52:40 kali kernel: In-situ OAM (IOAM) with IPv6
Oct 19 14:52:40 kali kernel: mip6: Mobile IPv6
Oct 19 14:52:40 kali kernel: NET: Registered PF_PACKET protocol family
Oct 19 14:52:40 kali kernel: mpls_gso: MPLS GSO support
Oct 19 14:52:40 kali kernel: registered taskstats version 1
Oct 19 14:52:40 kali kernel: Loading compiled-in X.509 certificates
Oct 19 14:52:40 kali kernel: Loaded X.509 cert 'Build time autogenerated kernel key: a65a934f14dd966901ae5cc715536551646e1e82'
Oct 19 14:52:40 kali kernel: Demotion targets for Node 0: null
Oct 19 14:52:40 kali kernel: Key type .fscrypt registered
Oct 19 14:52:40 kali kernel: Key type fscrypt-provisioning registered
Oct 19 14:52:40 kali kernel: Key type encrypted registered
Oct 19 14:52:40 kali kernel: AppArmor: AppArmor sha256 policy hashing enabled
Oct 19 14:52:40 kali kernel: integrity: Loading X.509 certificate: UEFI:db
Oct 19 14:52:40 kali kernel: integrity: Loaded X.509 cert 'VMware, Inc.: 4ad8ba0472073d28127706ddc6ccb9050441bbc7'
Oct 19 14:52:40 kali kernel: integrity: Loading X.509 certificate: UEFI:db
Oct 19 14:52:40 kali kernel: integrity: Loaded X.509 cert 'VMware, Inc.: VMware Secure Boot Signing: 04597f3e1ffb240bba0ff0f05d5eb05f3e15f6d7'
Oct 19 14:52:40 kali kernel: integrity: Loading X.509 certificate: UEFI:db
Oct 19 14:52:40 kali kernel: integrity: Loaded X.509 cert 'Microsoft Corporation UEFI CA 2011: 13adbf4309bd82709c8cd54f316ed522988a1bd4'
Oct 19 14:52:40 kali kernel: integrity: Loading X.509 certificate: UEFI:db
Oct 19 14:52:40 kali kernel: integrity: Loaded X.509 cert 'Microsoft Windows Production PCA 2011: a92902398e16c49778cd90f99e4f9ae17c55af53'
Oct 19 14:52:40 kali kernel: integrity: Loading X.509 certificate: UEFI:db
Oct 19 14:52:40 kali kernel: integrity: Loaded X.509 cert 'Microsoft Corporation: Windows UEFI CA 2023: aefc5fbbbe055d8f8daa585473499417ab5a5272'
Oct 19 14:52:40 kali kernel: integrity: Loading X.509 certificate: UEFI:db
Oct 19 14:52:40 kali kernel: integrity: Loaded X.509 cert 'Microsoft UEFI CA 2023: 81aa6b3244c935bce0d6628af39827421e32497d'
Oct 19 14:52:40 kali kernel: ima: secureboot mode disabled
Oct 19 14:52:40 kali kernel: ima: No TPM chip found, activating TPM-bypass!
Oct 19 14:52:40 kali kernel: ima: Allocated hash algorithm: sha256
Oct 19 14:52:40 kali kernel: ima: No architecture policies found
Oct 19 14:52:40 kali kernel: evm: Initialising EVM extended attributes:
Oct 19 14:52:40 kali kernel: evm: security.selinux
Oct 19 14:52:40 kali kernel: evm: security.SMACK64 (disabled)
Oct 19 14:52:40 kali kernel: evm: security.SMACK64EXEC (disabled)
Oct 19 14:52:40 kali kernel: evm: security.SMACK64TRANSMUTE (disabled)
Oct 19 14:52:40 kali kernel: evm: security.SMACK64MMAP (disabled)
Oct 19 14:52:40 kali kernel: evm: security.apparmor
Oct 19 14:52:40 kali kernel: evm: security.ima
Oct 19 14:52:40 kali kernel: evm: security.capability
Oct 19 14:52:40 kali kernel: evm: HMAC attrs: 0x1
Oct 19 14:52:40 kali kernel: clk: Disabling unused clocks
Oct 19 14:52:40 kali kernel: PM: genpd: Disabling unused power domains
Oct 19 14:52:40 kali kernel: Freeing unused kernel memory: 3072K
Oct 19 14:52:40 kali kernel: Checked W+X mappings: passed, no W+X pages found
Oct 19 14:52:40 kali kernel: Run /init as init process
Oct 19 14:52:40 kali kernel:   with arguments:
Oct 19 14:52:40 kali kernel:     /init
Oct 19 14:52:40 kali kernel:     splash
Oct 19 14:52:40 kali kernel:   with environment:
Oct 19 14:52:40 kali kernel:     HOME=/
Oct 19 14:52:40 kali kernel:     TERM=linux
Oct 19 14:52:40 kali kernel:     BOOT_IMAGE=/boot/vmlinuz-6.12.38+kali-arm64
Oct 19 14:52:40 kali kernel: ACPI: bus type USB registered
Oct 19 14:52:40 kali kernel: usbcore: registered new interface driver usbfs
Oct 19 14:52:40 kali kernel: usbcore: registered new interface driver hub
Oct 19 14:52:40 kali kernel: usbcore: registered new device driver usb
Oct 19 14:52:40 kali kernel: e1000e: Intel(R) PRO/1000 Network Driver
Oct 19 14:52:40 kali kernel: e1000e: Copyright(c) 1999 - 2015 Intel Corporation.
Oct 19 14:52:40 kali kernel: SCSI subsystem initialized
Oct 19 14:52:40 kali kernel: e1000e 0000:02:00.0: Interrupt Throttling Rate (ints/sec) set to dynamic conservative mode
Oct 19 14:52:40 kali kernel: ACPI: bus type drm_connector registered
Oct 19 14:52:40 kali kernel: ehci-pci 0000:01:02.0: EHCI Host Controller
Oct 19 14:52:40 kali kernel: ehci-pci 0000:01:02.0: new USB bus registered, assigned bus number 1
Oct 19 14:52:40 kali kernel: ehci-pci 0000:01:02.0: irq 49, io mem 0x3d408000
Oct 19 14:52:40 kali kernel: ehci-pci 0000:01:02.0: USB 2.0 started, EHCI 1.00
Oct 19 14:52:40 kali kernel: usb usb1: New USB device found, idVendor=1d6b, idProduct=0002, bcdDevice= 6.12
Oct 19 14:52:40 kali kernel: usb usb1: New USB device strings: Mfr=3, Product=2, SerialNumber=1
Oct 19 14:52:40 kali kernel: usb usb1: Product: EHCI Host Controller
Oct 19 14:52:40 kali kernel: usb usb1: Manufacturer: Linux 6.12.38+kali-arm64 ehci_hcd
Oct 19 14:52:40 kali kernel: usb usb1: SerialNumber: 0000:01:02.0
Oct 19 14:52:40 kali kernel: hub 1-0:1.0: USB hub found
Oct 19 14:52:40 kali kernel: hub 1-0:1.0: 6 ports detected
Oct 19 14:52:40 kali kernel: libata version 3.00 loaded.
Oct 19 14:52:40 kali kernel: xhci_hcd 0000:0a:00.0: xHCI Host Controller
Oct 19 14:52:40 kali kernel: xhci_hcd 0000:0a:00.0: new USB bus registered, assigned bus number 2
Oct 19 14:52:40 kali kernel: xhci_hcd 0000:0a:00.0: hcc params 0x0388f081 hci version 0x120 quirks 0x0000000200000010
Oct 19 14:52:40 kali kernel: xhci_hcd 0000:0a:00.0: xHCI Host Controller
Oct 19 14:52:40 kali kernel: xhci_hcd 0000:0a:00.0: new USB bus registered, assigned bus number 3
Oct 19 14:52:40 kali kernel: xhci_hcd 0000:0a:00.0: Host supports USB 3.2 Enhanced SuperSpeed
Oct 19 14:52:40 kali kernel: usb usb2: New USB device found, idVendor=1d6b, idProduct=0002, bcdDevice= 6.12
Oct 19 14:52:40 kali kernel: usb usb2: New USB device strings: Mfr=3, Product=2, SerialNumber=1
Oct 19 14:52:40 kali kernel: usb usb2: Product: xHCI Host Controller
Oct 19 14:52:40 kali kernel: usb usb2: Manufacturer: Linux 6.12.38+kali-arm64 xhci-hcd
Oct 19 14:52:40 kali kernel: usb usb2: SerialNumber: 0000:0a:00.0
Oct 19 14:52:40 kali kernel: hub 2-0:1.0: USB hub found
Oct 19 14:52:40 kali kernel: hub 2-0:1.0: 4 ports detected
Oct 19 14:52:40 kali kernel: usb usb3: We don't know the algorithms for LPM for this host, disabling LPM.
Oct 19 14:52:40 kali kernel: usb usb3: New USB device found, idVendor=1d6b, idProduct=0003, bcdDevice= 6.12
Oct 19 14:52:40 kali kernel: usb usb3: New USB device strings: Mfr=3, Product=2, SerialNumber=1
Oct 19 14:52:40 kali kernel: usb usb3: Product: xHCI Host Controller
Oct 19 14:52:40 kali kernel: usb usb3: Manufacturer: Linux 6.12.38+kali-arm64 xhci-hcd
Oct 19 14:52:40 kali kernel: usb usb3: SerialNumber: 0000:0a:00.0
Oct 19 14:52:40 kali kernel: nvme nvme0: pci function 0000:12:00.0
Oct 19 14:52:40 kali kernel: hub 3-0:1.0: USB hub found
Oct 19 14:52:40 kali kernel: hub 3-0:1.0: 4 ports detected
Oct 19 14:52:40 kali kernel: nvme nvme0: 5/0/0 default/read/poll queues
Oct 19 14:52:40 kali kernel:  nvme0n1: p1 p2 p3 p4
Oct 19 14:52:40 kali kernel: ahci 0000:01:03.0: version 3.0
Oct 19 14:52:40 kali kernel: ahci 0000:01:03.0: AHCI vers 0001.0300, 32 command slots, 6 Gbps, SATA mode
Oct 19 14:52:40 kali kernel: ahci 0000:01:03.0: 30/30 ports implemented (port mask 0x3fffffff)
Oct 19 14:52:40 kali kernel: ahci 0000:01:03.0: flags: 64bit ncq clo only 
Oct 19 14:52:40 kali kernel: scsi host0: ahci
Oct 19 14:52:40 kali kernel: scsi host1: ahci
Oct 19 14:52:40 kali kernel: scsi host2: ahci
Oct 19 14:52:40 kali kernel: scsi host3: ahci
Oct 19 14:52:40 kali kernel: scsi host4: ahci
Oct 19 14:52:40 kali kernel: scsi host5: ahci
Oct 19 14:52:40 kali kernel: scsi host6: ahci
Oct 19 14:52:40 kali kernel: scsi host7: ahci
Oct 19 14:52:40 kali kernel: scsi host8: ahci
Oct 19 14:52:40 kali kernel: scsi host9: ahci
Oct 19 14:52:40 kali kernel: scsi host10: ahci
Oct 19 14:52:40 kali kernel: scsi host11: ahci
Oct 19 14:52:40 kali kernel: scsi host12: ahci
Oct 19 14:52:40 kali kernel: scsi host13: ahci
Oct 19 14:52:40 kali kernel: scsi host14: ahci
Oct 19 14:52:40 kali kernel: scsi host15: ahci
Oct 19 14:52:40 kali kernel: scsi host16: ahci
Oct 19 14:52:40 kali kernel: scsi host17: ahci
Oct 19 14:52:40 kali kernel: scsi host18: ahci
Oct 19 14:52:40 kali kernel: scsi host19: ahci
Oct 19 14:52:40 kali kernel: scsi host20: ahci
Oct 19 14:52:40 kali kernel: scsi host21: ahci
Oct 19 14:52:40 kali kernel: scsi host22: ahci
Oct 19 14:52:40 kali kernel: scsi host23: ahci
Oct 19 14:52:40 kali kernel: scsi host24: ahci
Oct 19 14:52:40 kali kernel: scsi host25: ahci
Oct 19 14:52:40 kali kernel: scsi host26: ahci
Oct 19 14:52:40 kali kernel: scsi host27: ahci
Oct 19 14:52:40 kali kernel: scsi host28: ahci
Oct 19 14:52:40 kali kernel: scsi host29: ahci
Oct 19 14:52:40 kali kernel: ata1: SATA max UDMA/133 abar m16384@0x3d404000 port 0x3d404100 irq 64 lpm-pol 0
Oct 19 14:52:40 kali kernel: ata2: SATA max UDMA/133 abar m16384@0x3d404000 port 0x3d404180 irq 64 lpm-pol 0
Oct 19 14:52:40 kali kernel: ata3: SATA max UDMA/133 abar m16384@0x3d404000 port 0x3d404200 irq 64 lpm-pol 0
Oct 19 14:52:40 kali kernel: ata4: SATA max UDMA/133 abar m16384@0x3d404000 port 0x3d404280 irq 64 lpm-pol 0
Oct 19 14:52:40 kali kernel: ata5: SATA max UDMA/133 abar m16384@0x3d404000 port 0x3d404300 irq 64 lpm-pol 0
Oct 19 14:52:40 kali kernel: ata6: SATA max UDMA/133 abar m16384@0x3d404000 port 0x3d404380 irq 64 lpm-pol 0
Oct 19 14:52:40 kali kernel: ata7: SATA max UDMA/133 abar m16384@0x3d404000 port 0x3d404400 irq 64 lpm-pol 0
Oct 19 14:52:40 kali kernel: ata8: SATA max UDMA/133 abar m16384@0x3d404000 port 0x3d404480 irq 64 lpm-pol 0
Oct 19 14:52:40 kali kernel: ata9: SATA max UDMA/133 abar m16384@0x3d404000 port 0x3d404500 irq 64 lpm-pol 0
Oct 19 14:52:40 kali kernel: ata10: SATA max UDMA/133 abar m16384@0x3d404000 port 0x3d404580 irq 64 lpm-pol 0
Oct 19 14:52:40 kali kernel: ata11: SATA max UDMA/133 abar m16384@0x3d404000 port 0x3d404600 irq 64 lpm-pol 0
Oct 19 14:52:40 kali kernel: ata12: SATA max UDMA/133 abar m16384@0x3d404000 port 0x3d404680 irq 64 lpm-pol 0
Oct 19 14:52:40 kali kernel: ata13: SATA max UDMA/133 abar m16384@0x3d404000 port 0x3d404700 irq 64 lpm-pol 0
Oct 19 14:52:40 kali kernel: ata14: SATA max UDMA/133 abar m16384@0x3d404000 port 0x3d404780 irq 64 lpm-pol 0
Oct 19 14:52:40 kali kernel: ata15: SATA max UDMA/133 abar m16384@0x3d404000 port 0x3d404800 irq 64 lpm-pol 0
Oct 19 14:52:40 kali kernel: ata16: SATA max UDMA/133 abar m16384@0x3d404000 port 0x3d404880 irq 64 lpm-pol 0
Oct 19 14:52:40 kali kernel: ata17: SATA max UDMA/133 abar m16384@0x3d404000 port 0x3d404900 irq 64 lpm-pol 0
Oct 19 14:52:40 kali kernel: ata18: SATA max UDMA/133 abar m16384@0x3d404000 port 0x3d404980 irq 64 lpm-pol 0
Oct 19 14:52:40 kali kernel: ata19: SATA max UDMA/133 abar m16384@0x3d404000 port 0x3d404a00 irq 64 lpm-pol 0
Oct 19 14:52:40 kali kernel: ata20: SATA max UDMA/133 abar m16384@0x3d404000 port 0x3d404a80 irq 64 lpm-pol 0
Oct 19 14:52:40 kali kernel: ata21: SATA max UDMA/133 abar m16384@0x3d404000 port 0x3d404b00 irq 64 lpm-pol 0
Oct 19 14:52:40 kali kernel: ata22: SATA max UDMA/133 abar m16384@0x3d404000 port 0x3d404b80 irq 64 lpm-pol 0
Oct 19 14:52:40 kali kernel: ata23: SATA max UDMA/133 abar m16384@0x3d404000 port 0x3d404c00 irq 64 lpm-pol 0
Oct 19 14:52:40 kali kernel: ata24: SATA max UDMA/133 abar m16384@0x3d404000 port 0x3d404c80 irq 64 lpm-pol 0
Oct 19 14:52:40 kali kernel: ata25: SATA max UDMA/133 abar m16384@0x3d404000 port 0x3d404d00 irq 64 lpm-pol 0
Oct 19 14:52:40 kali kernel: ata26: SATA max UDMA/133 abar m16384@0x3d404000 port 0x3d404d80 irq 64 lpm-pol 0
Oct 19 14:52:40 kali kernel: ata27: SATA max UDMA/133 abar m16384@0x3d404000 port 0x3d404e00 irq 64 lpm-pol 0
Oct 19 14:52:40 kali kernel: ata28: SATA max UDMA/133 abar m16384@0x3d404000 port 0x3d404e80 irq 64 lpm-pol 0
Oct 19 14:52:40 kali kernel: ata29: SATA max UDMA/133 abar m16384@0x3d404000 port 0x3d404f00 irq 64 lpm-pol 0
Oct 19 14:52:40 kali kernel: ata30: SATA max UDMA/133 abar m16384@0x3d404000 port 0x3d404f80 irq 64 lpm-pol 0
Oct 19 14:52:40 kali kernel: Console: switching to colour dummy device 80x25
Oct 19 14:52:40 kali kernel: vmwgfx 0000:00:0f.0: [drm] Register MMIO at 0x0x000000003d000000 size is 4096 KiB
Oct 19 14:52:40 kali kernel: vmwgfx 0000:00:0f.0: [drm] VRAM at 0x0000000070000000 size is 131072 KiB
Oct 19 14:52:40 kali kernel: vmwgfx 0000:00:0f.0: [drm] Running on SVGA version 3.
Oct 19 14:52:40 kali kernel: vmwgfx 0000:00:0f.0: [drm] Capabilities: cursor, cursor bypass, alpha cursor, pitchlock, irq mask, traces, command buffers, command buffers 2, gbobject, dx, hp cmd queue, no bb restriction, cap2 register, 
Oct 19 14:52:40 kali kernel: vmwgfx 0000:00:0f.0: [drm] Capabilities2: grow otable, intra surface copy, dx2, gb memsize 2, screendma reg, otable ptdepth2, non ms to ms stretchblt, cursor mob, mshint, cb max size 4mb, dx3, frame type, trace full fb, extra regs, lo staging, 
Oct 19 14:52:40 kali kernel: vmwgfx 0000:00:0f.0: [drm] DMA map mode: Caching DMA mappings.
Oct 19 14:52:40 kali kernel: vmwgfx 0000:00:0f.0: [drm] Legacy memory limits: VRAM = 131072 KiB, FIFO = 256 KiB, surface = 524288 KiB
Oct 19 14:52:40 kali kernel: vmwgfx 0000:00:0f.0: [drm] MOB limits: max mob size = 262144 KiB, max mob pages = 65536
Oct 19 14:52:40 kali kernel: vmwgfx 0000:00:0f.0: [drm] Maximum display memory size is 262144 KiB
Oct 19 14:52:40 kali kernel: vmwgfx 0000:00:0f.0: [drm] No GMR memory available. Graphics memory resources are very limited.
Oct 19 14:52:40 kali kernel: vmwgfx 0000:00:0f.0: [drm] Screen Target display unit initialized
Oct 19 14:52:40 kali kernel: vmwgfx 0000:00:0f.0: [drm] Using command buffers with DMA pool.
Oct 19 14:52:40 kali kernel: vmwgfx 0000:00:0f.0: [drm] Available shader model: Legacy.
Oct 19 14:52:40 kali kernel: [drm] Initialized vmwgfx 2.20.0 for 0000:00:0f.0 on minor 0
Oct 19 14:52:40 kali kernel: Console: switching to colour frame buffer device 160x50
Oct 19 14:52:40 kali kernel: vmwgfx 0000:00:0f.0: [drm] fb0: vmwgfxdrmfb frame buffer device
Oct 19 14:52:40 kali kernel: e1000e 0000:02:00.0 0000:02:00.0 (uninitialized): registered PHC clock
Oct 19 14:52:40 kali kernel: e1000e 0000:02:00.0 eth0: (PCI Express:2.5GT/s:Width x1) 00:0c:29:7d:4f:e9
Oct 19 14:52:40 kali kernel: e1000e 0000:02:00.0 eth0: Intel(R) PRO/1000 Network Connection
Oct 19 14:52:40 kali kernel: e1000e 0000:02:00.0 eth0: MAC: 3, PHY: 8, PBA No: 000000-000
Oct 19 14:52:40 kali kernel: usb 2-1: new high-speed USB device number 2 using xhci_hcd
Oct 19 14:52:40 kali kernel: ata6: SATA link down (SStatus 0 SControl 300)
Oct 19 14:52:40 kali kernel: ata2: SATA link up 6.0 Gbps (SStatus 133 SControl 300)
Oct 19 14:52:40 kali kernel: ata1: SATA link down (SStatus 0 SControl 300)
Oct 19 14:52:40 kali kernel: ata4: SATA link down (SStatus 0 SControl 300)
Oct 19 14:52:40 kali kernel: ata3: SATA link down (SStatus 0 SControl 300)
Oct 19 14:52:40 kali kernel: ata8: SATA link down (SStatus 0 SControl 300)
Oct 19 14:52:40 kali kernel: ata5: SATA link down (SStatus 0 SControl 300)
Oct 19 14:52:40 kali kernel: ata7: SATA link down (SStatus 0 SControl 300)
Oct 19 14:52:40 kali kernel: ata9: SATA link down (SStatus 0 SControl 300)
Oct 19 14:52:40 kali kernel: ata2.00: ATAPI: VMware Virtual SATA CDRW Drive, 00000001, max UDMA/33
Oct 19 14:52:40 kali kernel: ata2.00: configured for UDMA/33
Oct 19 14:52:40 kali kernel: ata23: SATA link down (SStatus 0 SControl 300)
Oct 19 14:52:40 kali kernel: ata29: SATA link down (SStatus 0 SControl 300)
Oct 19 14:52:40 kali kernel: ata14: SATA link down (SStatus 0 SControl 300)
Oct 19 14:52:40 kali kernel: ata25: SATA link down (SStatus 0 SControl 300)
Oct 19 14:52:40 kali kernel: ata24: SATA link down (SStatus 0 SControl 300)
Oct 19 14:52:40 kali kernel: ata26: SATA link down (SStatus 0 SControl 300)
Oct 19 14:52:40 kali kernel: ata27: SATA link down (SStatus 0 SControl 300)
Oct 19 14:52:40 kali kernel: ata13: SATA link down (SStatus 0 SControl 300)
Oct 19 14:52:40 kali kernel: ata28: SATA link down (SStatus 0 SControl 300)
Oct 19 14:52:40 kali kernel: ata21: SATA link down (SStatus 0 SControl 300)
Oct 19 14:52:40 kali kernel: scsi 1:0:0:0: CD-ROM            NECVMWar VMware SATA CD01 1.00 PQ: 0 ANSI: 5
Oct 19 14:52:40 kali kernel: ata30: SATA link down (SStatus 0 SControl 300)
Oct 19 14:52:40 kali kernel: ata11: SATA link down (SStatus 0 SControl 300)
Oct 19 14:52:40 kali kernel: ata22: SATA link down (SStatus 0 SControl 300)
